Task: 8. Synchronize English/Japanese TODO and RFC records with current gate names
Status: complete
Artifact: /Users/kimuj5090/Documents/rjtd/.omo/evidence/current-progress-next-plan/task-8-doc-sync.log

Scenario: canonical gate/blocker docs acceptance
Invocation:
  cd /Users/kimuj5090/Documents/rjtd && rg -n "sourceOnlyAxisAdmissionGate|primitiveOwnershipAdmissionGate|lineRuleRenderAdmissionGate|image-signature-without-complete-payload-role-unproven|fdm-frame-linked-image-payload-placement-and-paint-order-unproven" TODO.md TODO.ja.md openjtd-spec/rfc/0008-object-stream-candidates.md openjtd-spec/rfc/0008-object-stream-candidates.ja.md
Exit status: 0
Binary observable: non-empty rg output shows all requested canonical names in the four task docs.
Captured highlights:
  - English RFC: image blockers at openjtd-spec/rfc/0008-object-stream-candidates.md:159 and :185.
  - Japanese RFC: image blockers at openjtd-spec/rfc/0008-object-stream-candidates.ja.md:159 and :185.
  - English TODO: image blockers at TODO.md:254, :310, and :311.
  - Japanese TODO: image blockers at TODO.ja.md:211, :255, and :256.
  - sourceOnlyAxisAdmissionGate appears in English/Japanese RFC at :209/:223/:227 and in English/Japanese TODO at TODO.md:633/:677/:678/:683/:685 and TODO.ja.md:651/:652/:657/:659/:664.
  - primitiveOwnershipAdmissionGate appears in English/Japanese RFC at :201/:243 and in English/Japanese TODO at TODO.md:697 and TODO.ja.md:674.
  - lineRuleRenderAdmissionGate appears in English/Japanese TODO at TODO.md:716 and TODO.ja.md:693.

Scenario: canonical names exist in code/tests
Invocation:
  cd /Users/kimuj5090/Documents/rjtd && rg -n "sourceOnlyAxisAdmissionGate|primitiveOwnershipAdmissionGate|lineRuleRenderAdmissionGate|image-signature-without-complete-payload-role-unproven|fdm-frame-linked-image-payload-placement-and-paint-order-unproven" rjtd/crates/rjtd-model/src/lib.rs rjtd/crates/rjtd-export/src/lib.rs rjtd/crates/rjtd-cli/src/main.rs rjtd/crates/rjtd-cli/tests/streams.rs
Exit status: 0
Binary observable: non-empty rg output shows the same canonical strings in implementation and regression tests.
Captured highlights:
  - CLI tests assert image blockers at rjtd/crates/rjtd-cli/tests/streams.rs:2734 and :2760.
  - CLI implementation emits image blockers at rjtd/crates/rjtd-cli/src/main.rs:6162, :6187, and :6190.
  - Model code emits image blockers at rjtd/crates/rjtd-model/src/lib.rs:23523, :23527, and :50156.
  - Model tests assert image blockers at rjtd/crates/rjtd-model/src/lib.rs:82678, :82697, :82756, and :83082.
  - sourceOnlyAxisAdmissionGate appears in model implementation/tests at rjtd/crates/rjtd-model/src/lib.rs:37501, :37935, :38030, :80976, :85103, and :85723.
  - primitiveOwnershipAdmissionGate appears in export/model implementation/tests at rjtd/crates/rjtd-export/src/lib.rs:2404/:7823/:7830/:7844/:7973/:7980/:7998/:8005 and rjtd/crates/rjtd-model/src/lib.rs:68992/:80156/:80163/:80177/:80306/:80313/:80331/:80338.
  - lineRuleRenderAdmissionGate appears in model implementation/tests at rjtd/crates/rjtd-model/src/lib.rs:56283 and :83607.

Scenario: stale blocker string removal
Invocation:
  cd /Users/kimuj5090/Documents/rjtd && if rg -n "role-span-paint-order-unproven" TODO.md TODO.ja.md openjtd-spec/rfc/0008-object-stream-candidates.md openjtd-spec/rfc/0008-object-stream-candidates.ja.md; then exit 1; else echo "no stale role-span-paint-order-unproven in task docs"; fi
Exit status: 0
Binary observable: command printed "no stale role-span-paint-order-unproven in task docs".

Scenario: replacement paint-order blocker parity
Invocation:
  cd /Users/kimuj5090/Documents/rjtd && rg -n "role-span-interleaved-non-role-commands|role-paint-order-authority-unproven" TODO.md TODO.ja.md openjtd-spec/rfc/0008-object-stream-candidates.md openjtd-spec/rfc/0008-object-stream-candidates.ja.md rjtd/crates/rjtd-model/src/lib.rs rjtd/crates/rjtd-export/src/lib.rs
Exit status: 0
Binary observable: non-empty rg output shows replacement blockers in code/tests and English/Japanese docs.
Captured highlights:
  - Code/tests: rjtd/crates/rjtd-model/src/lib.rs:70057, :70059, :80209, :80372; rjtd/crates/rjtd-export/src/lib.rs:3444, :3446, :7876, :8039.
  - English docs: TODO.md:692/:698 and openjtd-spec/rfc/0008-object-stream-candidates.md:203.
  - Japanese docs: TODO.ja.md:669/:675 and openjtd-spec/rfc/0008-object-stream-candidates.ja.md:203.

Scenario: whitespace/syntax hygiene for changed docs
Invocation:
  cd /Users/kimuj5090/Documents/rjtd && git diff --check -- TODO.md TODO.ja.md openjtd-spec/rfc/0008-object-stream-candidates.md openjtd-spec/rfc/0008-object-stream-candidates.ja.md
Exit status: 0
Binary observable: command produced no output.

Scenario: evidence artifact exists
Invocation:
  cd /Users/kimuj5090/Documents/rjtd && test -s .omo/evidence/current-progress-next-plan/task-8-doc-sync.log && rg -n "Task: 8|Status: complete|Scenario: canonical gate/blocker docs acceptance|Exit status: 0|QA checks" .omo/evidence/current-progress-next-plan/task-8-doc-sync.log
Exit status: 0
Binary observable: evidence file is non-empty and contains task status, command exit statuses, acceptance scenario, and QA checks.

Scenario: cleanup receipt
Invocation:
  rm -f /tmp/task8-acceptance.out && test ! -e /tmp/task8-acceptance.out && echo removed /tmp/task8-acceptance.out
Exit status: 0
Binary observable: command printed "removed /tmp/task8-acceptance.out".

Changed files:
  - TODO.md
  - TODO.ja.md
  - openjtd-spec/rfc/0008-object-stream-candidates.md
  - openjtd-spec/rfc/0008-object-stream-candidates.ja.md
  - .omo/evidence/current-progress-next-plan/task-8-doc-sync.log

QA checks:
  - Every acceptance blocker/gate name is present in code/tests and at least the English TODO/RFC.
  - Japanese TODO/RFC mirror the same facts and canonical strings.
  - The stale doc-only blocker `role-span-paint-order-unproven` was removed from the four task docs and replaced with code-backed `role-span-interleaved-non-role-commands` / `role-paint-order-authority-unproven`.
  - RFC wording explicitly states that blockers describe preserved model/test evidence and do not make generated output the source of truth.

Cleanup:
  - Temporary acceptance output `/tmp/task8-acceptance.out` was removed.
  - No generated outputs, test servers, staged files, commits, dependencies, or Rust source edits were created.

Risks:
  - Existing concurrent WIP remains in the worktree outside this task; it was not reverted or normalized.

Supplement: gate-rejection evidence package
Status: complete
Gate rejection artifact: /Users/kimuj5090/Documents/rjtd/.omo/evidence/current-progress-next-plan/task-8-doc-sync-gate-review.md
Code review / slop-overfit artifact: /Users/kimuj5090/Documents/rjtd/.omo/evidence/current-progress-next-plan/task-8-code-review.md
Notepad artifact: /Users/kimuj5090/Documents/rjtd/.omo/evidence/current-progress-next-plan/task-8-notepad.md

Manual QA matrix:
| Scenario | Invocation | Binary observable | Captured artifact path |
| --- | --- | --- | --- |
| Canonical doc acceptance | `cd /Users/kimuj5090/Documents/rjtd && rtk rg -n "sourceOnlyAxisAdmissionGate|primitiveOwnershipAdmissionGate|lineRuleRenderAdmissionGate|image-signature-without-complete-payload-role-unproven|fdm-frame-linked-image-payload-placement-and-paint-order-unproven" TODO.md TODO.ja.md openjtd-spec/rfc/0008-object-stream-candidates.md openjtd-spec/rfc/0008-object-stream-candidates.ja.md` | Exit status 0; non-empty output shows all canonical names in English/Japanese TODO and RFC records. | /Users/kimuj5090/Documents/rjtd/.omo/evidence/current-progress-next-plan/task-8-doc-sync.log |
| Code/test authority | `cd /Users/kimuj5090/Documents/rjtd && rtk rg -n "sourceOnlyAxisAdmissionGate|primitiveOwnershipAdmissionGate|lineRuleRenderAdmissionGate|image-signature-without-complete-payload-role-unproven|fdm-frame-linked-image-payload-placement-and-paint-order-unproven" rjtd/crates/rjtd-model/src/lib.rs rjtd/crates/rjtd-export/src/lib.rs rjtd/crates/rjtd-cli/src/main.rs rjtd/crates/rjtd-cli/tests/streams.rs` | Exit status 0; non-empty output shows the same canonical strings in implementation and regression tests. | /Users/kimuj5090/Documents/rjtd/.omo/evidence/current-progress-next-plan/task-8-doc-sync.log |
| Stale blocker removal | `cd /Users/kimuj5090/Documents/rjtd && rtk zsh -lc 'if rg -n "role-span-paint-order-unproven" TODO.md TODO.ja.md openjtd-spec/rfc/0008-object-stream-candidates.md openjtd-spec/rfc/0008-object-stream-candidates.ja.md; then exit 1; else echo "no stale role-span-paint-order-unproven in task docs"; fi'` | Exit status 0; command printed `no stale role-span-paint-order-unproven in task docs`. | /Users/kimuj5090/Documents/rjtd/.omo/evidence/current-progress-next-plan/task-8-doc-sync.log |
| Replacement blocker parity | `cd /Users/kimuj5090/Documents/rjtd && rtk rg -n "role-span-interleaved-non-role-commands|role-paint-order-authority-unproven" TODO.md TODO.ja.md openjtd-spec/rfc/0008-object-stream-candidates.md openjtd-spec/rfc/0008-object-stream-candidates.ja.md rjtd/crates/rjtd-model/src/lib.rs rjtd/crates/rjtd-export/src/lib.rs` | Exit status 0; non-empty output shows replacement blockers in English docs, Japanese docs, and model/export code/tests. | /Users/kimuj5090/Documents/rjtd/.omo/evidence/current-progress-next-plan/task-8-doc-sync.log |
| Japanese mirror parity | Same invocations as canonical doc acceptance and replacement blocker parity, with `TODO.ja.md` and `openjtd-spec/rfc/0008-object-stream-candidates.ja.md` included in the target file list. | Exit status 0; Japanese TODO/RFC hits are present for each canonical gate/blocker string and replacement blocker. | /Users/kimuj5090/Documents/rjtd/.omo/evidence/current-progress-next-plan/task-8-doc-sync.log |
| Source-truth wording | `cd /Users/kimuj5090/Documents/rjtd && rtk rg -n "Neither blocker promotes generated output to source truth|どちらの blocker も generated output を source truth に promote せず" openjtd-spec/rfc/0008-object-stream-candidates.md openjtd-spec/rfc/0008-object-stream-candidates.ja.md` | Exit status 0; English and Japanese RFC records both state generated output is not promoted to source truth. | /Users/kimuj5090/Documents/rjtd/.omo/evidence/current-progress-next-plan/task-8-doc-sync.log |
| Rust-source-no-edit check | `cd /Users/kimuj5090/Documents/rjtd && rtk git diff --name-only -- rjtd/**/*.rs` | Exit status 0; output lists existing dirty Rust paths already identified by the gate review as pre-existing WIP. This supplement wrote only allowed `.omo/evidence/current-progress-next-plan/task-8-*` artifacts and did not edit Rust source. | /Users/kimuj5090/Documents/rjtd/.omo/evidence/current-progress-next-plan/task-8-code-review.md |

Supplement rerun highlights:
  - Acceptance `rg` for canonical gate/blocker docs exited 0.
  - Code/test authority `rg` exited 0.
  - Stale blocker removal shell check exited 0 and printed "no stale role-span-paint-order-unproven in task docs".
  - Replacement blocker parity `rg` exited 0.
  - Source-truth wording `rg` exited 0.
  - Rust-source-no-edit scope check observed pre-existing Rust dirty paths only; no Rust source edits were made for this supplement.

Cleanup:
  - No servers, PIDs, ports, temp directories, generated outputs, dependencies, commits, staged files, docs/source edits, or cargo artifacts were created by this supplement.
  - Supplement writes are limited to:
    - /Users/kimuj5090/Documents/rjtd/.omo/evidence/current-progress-next-plan/task-8-doc-sync.log
    - /Users/kimuj5090/Documents/rjtd/.omo/evidence/current-progress-next-plan/task-8-code-review.md
    - /Users/kimuj5090/Documents/rjtd/.omo/evidence/current-progress-next-plan/task-8-notepad.md

Evidence self-checks:
Scenario: supplement artifacts are non-empty
Invocation:
  cd /Users/kimuj5090/Documents/rjtd && rtk zsh -lc 'test -s .omo/evidence/current-progress-next-plan/task-8-doc-sync.log && test -s .omo/evidence/current-progress-next-plan/task-8-code-review.md && test -s .omo/evidence/current-progress-next-plan/task-8-notepad.md && echo task-8 supplement artifacts are non-empty'
Exit status: 0
Binary observable: command printed "task-8 supplement artifacts are non-empty".
Captured artifact path: /Users/kimuj5090/Documents/rjtd/.omo/evidence/current-progress-next-plan/task-8-doc-sync.log

Scenario: log contains gate-required supplement sections
Invocation:
  cd /Users/kimuj5090/Documents/rjtd && rtk rg -n "Manual QA matrix|Canonical doc acceptance|Code/test authority|Stale blocker removal|Replacement blocker parity|Japanese mirror parity|Source-truth wording|Rust-source-no-edit check|Code review / slop-overfit artifact|Notepad artifact|Cleanup:" .omo/evidence/current-progress-next-plan/task-8-doc-sync.log
Exit status: 0
Binary observable: non-empty rg output shows the manual QA matrix, code review artifact path, notepad artifact path, cleanup, and all required matrix rows.
Captured artifact path: /Users/kimuj5090/Documents/rjtd/.omo/evidence/current-progress-next-plan/task-8-doc-sync.log

Scenario: code-review/slop artifact covers required criteria
Invocation:
  cd /Users/kimuj5090/Documents/rjtd && rtk rg -n "No excessive or useless tests|No weakened, deleted, or skipped tests|No tautological implementation-mirroring checks|No unnecessary production extraction/parsing/normalization|No generated output as source truth|No Rust source edits|Verdict" .omo/evidence/current-progress-next-plan/task-8-code-review.md
Exit status: 0
Binary observable: non-empty rg output shows all requested slop/overfit criteria and a verdict.
Captured artifact path: /Users/kimuj5090/Documents/rjtd/.omo/evidence/current-progress-next-plan/task-8-code-review.md

Scenario: notepad artifact path exists and records scope
Invocation:
  cd /Users/kimuj5090/Documents/rjtd && rtk rg -n "Primary evidence log|Gate rejection artifact|Code review / slop-overfit supplement|Notepad supplement|Product files, plan files, ledger files, docs, and source are outside the allowed write scope" .omo/evidence/current-progress-next-plan/task-8-notepad.md
Exit status: 0
Binary observable: non-empty rg output shows the notepad path list and allowed-scope note.
Captured artifact path: /Users/kimuj5090/Documents/rjtd/.omo/evidence/current-progress-next-plan/task-8-notepad.md

Remaining risk:
  - The worktree still contains pre-existing concurrent WIP outside the supplement write scope; it was not reverted, normalized, staged, or claimed as part of this supplement.
