# Task 10 tsaiten source-only transform evidence
timestamp=2026-07-01T01:57:09Z
worktree=/Users/kimuj5090/Documents/rjtd

## Wrapper retry note
Previous evidence wrapper failed before running tests: zsh unmatched quote. This log contains the rerun.

## Shared worktree status
 M TODO.ja.md
 M TODO.md
 M openjtd-spec/rfc/0008-object-stream-candidates.ja.md
 M openjtd-spec/rfc/0008-object-stream-candidates.md
 M rjtd/crates/rjtd-cli/src/main.rs
 M rjtd/crates/rjtd-cli/tests/streams.rs
 M rjtd/crates/rjtd-export/src/lib.rs
 M rjtd/crates/rjtd-model/src/lib.rs
?? .omo/
?? AGENTS.md
?? rjtd/AGENTS.md

## Local sample availability
available ../rjtd-testdata/local-samples/ichitaro-20030120132956-0007-sp-dat-tsaiten.jtd
available ../rjtd-testdata/local-samples/ichitaro-20030120132956-0007-sp-dat-tsaiten.pdf
available ../rjtd-testdata/local-samples/ichitaro-20030120132956-0007-sp-dat-tsaiten.PDF
available ../rjtd-testdata/local-samples
available ../openjtd-samples/pdf-output

## Acceptance: exact helper test
$ cargo test -p rjtd-model table_grid_cross_table_subrecord_ordering_helpers_detect_regressions -- --exact

## Default target contention interruption
INTERRUPTED: first default-target helper command was stopped by this worker after prolonged wait behind concurrent Cargo jobs. No test result was claimed from that run.
RERUN_POLICY: use isolated CARGO_TARGET_DIR=/tmp/rjtd-task-10-cargo-target for task-10 commands to avoid shared target lock contention.

## Isolated-target acceptance: exact helper test
CARGO_TARGET_DIR=/tmp/rjtd-task-10-cargo-target
$ cargo test -p rjtd-model table_grid_cross_table_subrecord_ordering_helpers_detect_regressions -- --exact
   Compiling autocfg v1.5.1
   Compiling simd-adler32 v0.3.9
   Compiling crc32fast v1.5.0
   Compiling cfg-if v1.0.4
   Compiling adler2 v2.0.1
   Compiling fnv v1.0.7
   Compiling pxfm v0.1.29
   Compiling uuid v1.23.3
   Compiling bitflags v2.13.0
   Compiling zune-core v0.5.1
   Compiling web-time v1.1.0
   Compiling bytemuck v1.25.0
   Compiling byteorder-lite v0.1.0
   Compiling base64 v0.22.1
   Compiling miniz_oxide v0.8.9
   Compiling fdeflate v0.3.7
   Compiling zune-jpeg v0.5.15
   Compiling cfb v0.14.0
   Compiling num-traits v0.2.19
   Compiling rjtd-core v0.0.0 (/Users/kimuj5090/Documents/rjtd/rjtd/crates/rjtd-core)
   Compiling flate2 v1.1.9
   Compiling png v0.18.1
   Compiling moxcms v0.8.1
   Compiling image v0.25.10
   Compiling rjtd-model v0.0.0 (/Users/kimuj5090/Documents/rjtd/rjtd/crates/rjtd-model)
    Finished `test` profile [unoptimized + debuginfo] target(s) in 9.07s
     Running unittests src/lib.rs (/tmp/rjtd-task-10-cargo-target/debug/deps/rjtd_model-7980f8c425d08a33)

running 0 tests

test result: ok. 0 passed; 0 failed; 0 ignored; 0 measured; 95 filtered out; finished in 0.00s

EXIT_CODE=0
ZERO_TEST_DISCLOSURE: primary --exact invocation ran 0 tests; running fully-qualified fallback.
$ cargo test -p rjtd-model tests::table_grid_cross_table_subrecord_ordering_helpers_detect_regressions -- --exact
    Finished `test` profile [unoptimized + debuginfo] target(s) in 0.02s
     Running unittests src/lib.rs (/tmp/rjtd-task-10-cargo-target/debug/deps/rjtd_model-7980f8c425d08a33)

running 1 test
test tests::table_grid_cross_table_subrecord_ordering_helpers_detect_regressions ... ok

test result: ok. 1 passed; 0 failed; 0 ignored; 0 measured; 94 filtered out; finished in 0.00s

EXIT_CODE=0

## Acceptance: static audit
$ rg -n "sourceOnlyAxisCandidateBBox|sourceGapToPageLineGapTransformAdmissionGate|sourceOnlyPageMarkAbsoluteYSlotGate|page-mark-absolute-y-slot" crates/rjtd-model/src/lib.rs
37932:    output.push_str(",\"sourceGapToPageLineGapTransformAdmissionGate\":");
37935:        "sourceOnlyAxisAdmissionGate.sourceGapToPageLineGapTransformAdmissionGate",
37977:    output.push_str(",\"sourceOnlyAxisCandidateBBox\":");
38030:    output.push_str("{\"source\":\"sourceOnlyAxisAdmissionGate.sourceOnlyAxisCandidateBBox\"");
39596:    output.push_str(",\"sourceOnlyPageMarkAbsoluteYSlotGate\":");
39931:    output.push_str(",\"sourceGapToPageLineGapTransformAdmissionGate\":");
39934:        "sourceOnlyPageYRenderAdmissionGate.sourceGapToPageLineGapTransformAdmissionGate",
40214:        "line-domain-projection-disagrees-with-page-mark-absolute-y-slot"
40216:        "page-mark-absolute-y-slot-absent"
40220:        "page-mark-absolute-y-slot-semantics-unproven"
40299:        "page-mark-absolute-y-slot"
40308:        blocked_reasons.push("page-mark-absolute-y-slot-absent");
40317:        blocked_reasons.push("line-domain-projection-disagrees-with-page-mark-absolute-y-slot");
40320:        blocked_reasons.push("page-mark-absolute-y-slot-semantics-unproven");
40330:        ",\"projectionKind\":\"line-domain-y-plus-post-row-gap-vs-page-mark-absolute-y-slot\"",
40364:        ",\"renderPromotionContribution\":\"source-only-page-mark-absolute-y-slot-gate\"",
41330:        output.push_str(&json_string("page-mark-absolute-y-slot-semantics-unproven"));
42055:        "page-mark-absolute-y-slot-field2-tail-block16-word11" => 1,
42221:    output.push_str(",\"sourceGapToPageLineGapTransformAdmissionGate\":");
42224:        "sourceOnlyPageYOriginDomainGate.sourceGapToPageLineGapTransformAdmissionGate",
42781:                "page-mark-absolute-y-slot-semantics-unproven"
42789:                    .push("line-domain-projection-disagrees-with-page-mark-absolute-y-slot");
42793:                "page-mark-absolute-y-slot-field2-tail-block16-word11",
42797:                "source-only-page-mark-absolute-y-slot-y-origin",
81058:            "\"pageMarkAbsoluteYSlotBlockedReason\":\"page-mark-absolute-y-slot-absent\",\"pageMarkAbsoluteYSlotResidualPx\":null,\"blockedReasons\":[],\"renderPromotionContribution\":\"source-only-page-y-render-admission-gate\",\"renderPromotionBlockedReason\":null"
85053:            "line-domain-projection-disagrees-with-page-mark-absolute-y-slot"
85213:            "\"horizontalBestSupportedFrameBases\":[\"page-mark-word14-first-slot-word15-half-gap\",\"page-mark-word14-first-slot-word15-half-gap\"],\"yAxisReady\":false,\"ySelectorCandidatePresent\":true,\"ySelectorSingleSupportFallback\":false,\"ySelectorSupportFragmentedByTable\":true,\"ySelectorSupportCount\":2,\"ySelectorCrossTableSupportPresent\":true,\"ySelectorAgreementAdmissible\":false,\"ySelectorAdmissionBlockedReason\":\"source-y-origin-selector-fragmented-by-table-not-render-admissible\",\"ySelectorSupportBlockedReasons\":[\"cross-table-row-boundary-offset-transform-required\",\"page-line-gap-projection-does-not-decode-table-y-origin\"],\"sourceGapToPageLineGapTransformAdmissionGate\":{\"source\":\"sourceOnlyAxisAdmissionGate.sourceGapToPageLineGapTransformAdmissionGate\""
85216:            "\"pageMarkAbsoluteYSlotSemanticsReady\":false,\"pageMarkAbsoluteYSlotBlockedReason\":\"line-domain-projection-disagrees-with-page-mark-absolute-y-slot\",\"pageMarkAbsoluteYSlotResidualPx\":-723.913,\"yCandidateCount\":9,\"yAgreementGroupCount\":8,\"yBestSupportCount\":2,\"yUniqueBestSupported\":true,\"ySelectedOriginBasis\":\"cross-table-combined-previous-row-span-first-record\",\"ySelectedY\":235.087,\"ySelectedRowHeight\":23.298,\"ySelectorTableCandidateIndexes\":[0]"
85219:            "\"sourceOnlyAxisCandidateBBox\":{\"source\":\"sourceOnlyAxisAdmissionGate.sourceOnlyAxisCandidateBBox\",\"diagnosticOnly\":true,\"sourceBacked\":true,\"referenceBacked\":false,\"decoded\":false,\"geometryDecoded\":false,\"placementDerived\":false,\"referenceBBoxUsed\":false,\"selectionReady\":false,\"candidatePresent\":true,\"bboxPresent\":true,\"horizontalCandidatePresent\":true,\"yCandidatePresent\":true,\"rowHeightCandidatePresent\":true,\"rowCount\":4,\"horizontalFrameBasis\":\"page-mark-word14-first-slot-word15-half-gap\",\"yOriginBasis\":\"cross-table-combined-previous-row-span-first-record\",\"rowHeight\":23.298,\"bbox\":{\"x\":174.000,\"y\":235.087,\"width\":421.000,\"height\":93.192}"
85357:            "\"sourceGapToPageLineGapTransformAdmissionGate\":{\"source\":\"sourceOnlyPageYOriginDomainGate.sourceGapToPageLineGapTransformAdmissionGate\",\"diagnosticOnly\":true,\"sourceBacked\":true,\"referenceBacked\":false,\"decoded\":false,\"geometryDecoded\":false,\"placementDerived\":false,\"referenceBBoxUsed\":false,\"selectionReady\":false,\"transformDomain\":\"source-unit-gap-to-page-mark-line-index-gap\",\"canDecodeSourceTransform\":false,\"tableFamilyTransformStable\":false,\"tableFamilyTransformBlockedReason\":\"source-gap-to-page-line-gap-transform-unstable-across-table-family\",\"transitionCount\":3,\"allTransitionsSamePageMarkEntry\":true,\"bestCandidateTransformKind\":\"segment-offset-gap\",\"bestCandidateMaxAbsDeltaUnits\":105"
85366:            "\"sourceOnlyPageMarkAbsoluteYSlotGate\":{\"source\":\"/PageMark raw u16 subrecord scan+/LineMark source page-line projection\",\"diagnosticOnly\":true,\"sourceBacked\":true,\"referenceBacked\":false,\"decoded\":false,\"geometryDecoded\":false,\"placementDerived\":false,\"referenceBBoxUsed\":false,\"selectionReady\":false,\"projectionKind\":\"line-domain-y-plus-post-row-gap-vs-page-mark-absolute-y-slot\""
85387:            "\"sourceGapToPageLineGapTransformAdmissionGate\":{\"source\":\"sourceOnlyPageYRenderAdmissionGate.sourceGapToPageLineGapTransformAdmissionGate\",\"diagnosticOnly\":true,\"sourceBacked\":true,\"referenceBacked\":false,\"decoded\":false,\"geometryDecoded\":false,\"placementDerived\":false,\"referenceBBoxUsed\":false,\"selectionReady\":false,\"transformDomain\":\"source-unit-gap-to-page-mark-line-index-gap\",\"canDecodeSourceTransform\":false,\"tableFamilyTransformStable\":false,\"tableFamilyTransformBlockedReason\":\"source-gap-to-page-line-gap-transform-unstable-across-table-family\",\"transitionCount\":3,\"allTransitionsSamePageMarkEntry\":true,\"bestCandidateTransformKind\":\"segment-offset-gap\",\"bestCandidateMaxAbsDeltaUnits\":105"
85390:            "\"pageMarkAbsoluteYSlotSemanticsReady\":false,\"pageMarkAbsoluteYSlotBlockedReason\":\"line-domain-projection-disagrees-with-page-mark-absolute-y-slot\",\"pageMarkAbsoluteYSlotResidualPx\":-723.913"
85393:            "\"blockedReasons\":[\"source-derived-layout-candidate-absent\",\"direct-line-mark-page-origin-absent\",\"line-mark-rows-not-exact-source-boundaries\",\"cross-table-line-domain-not-page-space-origin\",\"source-order-vs-subrecord-order-contradiction\",\"cross-table-row-boundary-offset-transform-required\",\"line-domain-projection-disagrees-with-page-mark-absolute-y-slot\",\"source-y-origin-selector-fragmented-by-table-not-render-admissible\",\"source-gap-to-page-line-gap-transform-unstable-across-table-family\",\"decoded-line-mark-page-y-transform-missing\"],\"renderPromotionContribution\":\"source-only-page-y-render-admission-gate\",\"renderPromotionBlockedReason\":\"source-page-y-render-admission-not-ready\""
85833:            "\"horizontalBestSupportedFrameBases\":[\"page-mark-word14-word21-first-slot-adjusted\",\"page-mark-word14-first-slot-word21-half-slot\",\"page-mark-word14-first-slot-word21-half-slot\"],\"yAxisReady\":false,\"ySelectorCandidatePresent\":true,\"ySelectorSingleSupportFallback\":true,\"ySelectorSupportFragmentedByTable\":false,\"ySelectorSupportCount\":1,\"ySelectorCrossTableSupportPresent\":false,\"ySelectorAgreementAdmissible\":false,\"ySelectorAdmissionBlockedReason\":\"source-y-origin-selector-single-support-fallback-not-render-admissible\",\"ySelectorSupportBlockedReasons\":[\"line-domain-projection-disagrees-with-page-mark-absolute-y-slot\",\"page-mark-absolute-y-slot-semantics-unproven\"],\"sourceGapToPageLineGapTransformAdmissionGate\":{\"source\":\"sourceOnlyAxisAdmissionGate.sourceGapToPageLineGapTransformAdmissionGate\""
85836:            "\"source\":\"sourceOnlyAxisAdmissionGate.sourceGapToPageLineGapTransformAdmissionGate\",\"diagnosticOnly\":true,\"sourceBacked\":true,\"referenceBacked\":false,\"decoded\":false,\"geometryDecoded\":false,\"placementDerived\":false,\"referenceBBoxUsed\":false,\"selectionReady\":false,\"transformDomain\":\"source-unit-gap-to-page-mark-line-index-gap\",\"canDecodeSourceTransform\":false,\"tableFamilyTransformStable\":false,\"tableFamilyTransformBlockedReason\":\"source-gap-to-page-line-gap-transform-unstable-across-table-family\",\"transitionCount\":3,\"allTransitionsSamePageMarkEntry\":true,\"bestCandidateTransformKind\":\"segment-offset-gap\",\"bestCandidateMaxAbsDeltaUnits\":105,\"transformCandidateCount\":3,\"exactTransformCandidateCount\":0"
85839:            "\"pageMarkAbsoluteYSlotSemanticsReady\":false,\"pageMarkAbsoluteYSlotBlockedReason\":\"line-domain-projection-disagrees-with-page-mark-absolute-y-slot\",\"pageMarkAbsoluteYSlotResidualPx\":107.539,\"yCandidateCount\":12,\"yAgreementGroupCount\":11,\"yBestSupportCount\":2,\"yUniqueBestSupported\":true,\"ySelectedOriginBasis\":\"page-mark-absolute-y-slot-field2-tail-block16-word11\",\"ySelectedY\":768.000,\"ySelectedRowHeight\":null,\"ySelectorTableCandidateIndexes\":[3]"
85842:            "\"sourceOnlyAxisCandidateBBox\":{\"source\":\"sourceOnlyAxisAdmissionGate.sourceOnlyAxisCandidateBBox\",\"diagnosticOnly\":true,\"sourceBacked\":true,\"referenceBacked\":false,\"decoded\":false,\"geometryDecoded\":false,\"placementDerived\":false,\"referenceBBoxUsed\":false,\"selectionReady\":false,\"candidatePresent\":true,\"bboxPresent\":true,\"horizontalCandidatePresent\":true,\"yCandidatePresent\":true,\"rowHeightCandidatePresent\":true,\"rowCount\":3,\"horizontalFrameBasis\":\"page-mark-word14-word21-first-slot-adjusted\",\"yOriginBasis\":\"page-mark-absolute-y-slot-field2-tail-block16-word11\",\"rowHeight\":21.000,\"bbox\":{\"x\":174.000,\"y\":768.000,\"width\":554.000,\"height\":63.000}"
85890:            "\"sourceOnlyPageYOriginHypothesis\":{\"source\":\"sourcePageYTransformGate source-only page-y origin hypothesis\",\"diagnosticOnly\":true,\"sourceBacked\":true,\"referenceBacked\":false,\"decoded\":false,\"geometryDecoded\":false,\"placementDerived\":false,\"referenceBBoxUsed\":false,\"selectionReady\":false,\"candidatePresent\":true,\"candidateKind\":\"line-mark-page-origin-stride\",\"yOriginReadinessClass\":\"stride-only\",\"originDecisionReady\":false,\"yOriginReadinessBlockedReasons\":[\"line-mark-page-origin-stride-present\",\"stride-origin-needs-direct-line-origin-rule\",\"direct-line-mark-page-origin-absent\",\"decoded-page-y-origin-missing\"],\"lineMarkPageOriginPresent\":false,\"lineMarkPageOriginStridePresent\":true,\"pageMarkAbsoluteYSlotCandidatePresent\":true,\"pageMarkAbsoluteYSlotY\":768.000,\"pageMarkAbsoluteYSlotBlockedReason\":\"page-mark-absolute-y-slot-semantics-unproven\",\"pageOriginAuthority\":\"lineMarkPageGridStrideRawRecordIndex\""
85914:            "\"sourceOnlyPageYOriginSelector\":{\"source\":\"sourceOnlyPageYOriginCandidateAgreementGate best-supported group selector\",\"diagnosticOnly\":true,\"sourceBacked\":true,\"referenceBacked\":false,\"decoded\":false,\"geometryDecoded\":false,\"placementDerived\":false,\"referenceBBoxUsedForSelection\":false,\"selectionReady\":false,\"tableCandidateIndex\":3,\"selectionBasis\":\"single-support-source-only-y-origin-fallback\",\"singleSupportFallback\":true,\"selectedOriginBasis\":\"page-mark-absolute-y-slot-field2-tail-block16-word11\",\"selectedY\":768.000,\"selectedRowHeight\":null,\"supportCount\":1,\"supportOriginBases\":[\"page-mark-absolute-y-slot-field2-tail-block16-word11\"],\"supportTableCandidateIndexes\":[3],\"supportCoversMultipleTableCandidates\":false,\"supportFragmentedByTable\":false"
85917:            "\"supportBlockedReasons\":[\"line-domain-projection-disagrees-with-page-mark-absolute-y-slot\",\"page-mark-absolute-y-slot-semantics-unproven\",\"single-source-y-origin-support-unproven\"],\"renderPromotionContribution\":\"source-only-page-y-origin-selector\",\"renderPromotionBlockedReason\":\"single-source-y-origin-support-unproven\""
85920:            "{\"selectedY\":768.000,\"rowHeight\":null,\"supportCount\":1,\"originBases\":[\"page-mark-absolute-y-slot-field2-tail-block16-word11\"],\"tableCandidateIndexes\":[3],\"contributions\":[\"source-only-page-mark-absolute-y-slot-y-origin\"],\"blockedReasons\":[\"line-domain-projection-disagrees-with-page-mark-absolute-y-slot\",\"page-mark-absolute-y-slot-semantics-unproven\"]}"
85962:            "\"sourceOnlyPageMarkAbsoluteYSlotGate\":{\"source\":\"/PageMark raw u16 subrecord scan+/LineMark source page-line projection\",\"diagnosticOnly\":true,\"sourceBacked\":true,\"referenceBacked\":false,\"decoded\":false,\"geometryDecoded\":false,\"placementDerived\":false,\"referenceBBoxUsed\":false,\"selectionReady\":false,\"projectionKind\":\"line-domain-y-plus-post-row-gap-vs-page-mark-absolute-y-slot\",\"lineDomainY\":817.539,\"selectedPostRowGapSpanFirstUnits\":58,\"lineDomainProjectedY\":875.539,\"absoluteYSlotPresent\":true,\"bestAbsoluteYSlot\":{\"source\":\"rawRecordHeaderTailU16Subrecord\",\"interpretation\":\"direct-u16-px\",\"fieldIndex\":2,\"tailBlock16WordIndex\":11"
85965:            "\"absoluteYSlotY\":768.000,\"lineDomainProjectionVsAbsoluteYSlotResidualPx\":107.539,\"lineDomainProjectionAgreesWithAbsoluteYSlot\":false,\"lineageClass\":\"page-mark-absolute-y-slot\""
85968:            "\"lineageClass\":\"page-mark-absolute-y-slot\",\"blockedReasons\":[\"line-domain-projection-disagrees-with-page-mark-absolute-y-slot\",\"page-mark-absolute-y-slot-semantics-unproven\",\"page-y-origin-transform-undecoded\"],\"renderPromotionContribution\":\"source-only-page-mark-absolute-y-slot-gate\",\"renderPromotionBlockedReason\":\"line-domain-projection-disagrees-with-page-mark-absolute-y-slot\""
85977:            "\"sourceOnlySelectorSupportBlockedReasons\":[\"line-domain-projection-disagrees-with-page-mark-absolute-y-slot\",\"page-mark-absolute-y-slot-semantics-unproven\"],\"sourceGapToPageLineGapTransformAdmissionGate\":{\"source\":\"sourceOnlyPageYRenderAdmissionGate.sourceGapToPageLineGapTransformAdmissionGate\""
85980:            "\"pageMarkAbsoluteYSlotBlockedReason\":\"line-domain-projection-disagrees-with-page-mark-absolute-y-slot\",\"pageMarkAbsoluteYSlotResidualPx\":107.539,\"blockedReasons\":[\"direct-line-mark-page-origin-absent\",\"line-mark-record-stride-to-page-y-transform-unproven\",\"page-origin-authority-not-renderable-line-mark-page-grid\",\"line-mark-rows-not-exact-source-boundaries\",\"cross-table-line-domain-not-page-space-origin\",\"selected-post-row-gap-spans-not-page-y-origin\",\"selected-post-row-gap-coverage-not-row-unique\",\"source-order-vs-subrecord-order-contradiction\",\"cross-table-row-boundary-offset-transform-required\",\"line-domain-projection-disagrees-with-page-mark-absolute-y-slot\",\"source-y-origin-selector-single-support-fallback-not-render-admissible\",\"source-gap-to-page-line-gap-transform-unstable-across-table-family\",\"decoded-line-mark-page-y-transform-missing\"]"
EXIT_CODE=0

## Conditional local PDF-backed QA
$ cargo test -p rjtd-model local_tsaiten_preserves_document_text_control_table_candidates_when_reference_pdf_is_available -- --exact
    Finished `test` profile [unoptimized + debuginfo] target(s) in 0.01s
     Running unittests src/lib.rs (/tmp/rjtd-task-10-cargo-target/debug/deps/rjtd_model-7980f8c425d08a33)

running 0 tests

test result: ok. 0 passed; 0 failed; 0 ignored; 0 measured; 95 filtered out; finished in 0.00s

EXIT_CODE=0
ZERO_TEST_DISCLOSURE: local QA invocation ran 0 tests: cargo test -p rjtd-model local_tsaiten_preserves_document_text_control_table_candidates_when_reference_pdf_is_available -- --exact
$ cargo test -p rjtd-cli --test streams local_pdf_backed_page_mark_u16_profiles_stay_stable_when_available -- --exact
   Compiling proc-macro2 v1.0.106
   Compiling unicode-ident v1.0.24
   Compiling quote v1.0.45
   Compiling arrayvec v0.7.6
   Compiling libm v0.2.16
   Compiling log v0.4.32
   Compiling smallvec v1.15.2
   Compiling version_check v0.9.5
   Compiling libc v0.2.186
   Compiling float-cmp v0.9.0
   Compiling weezl v0.1.12
   Compiling color_quant v1.1.0
   Compiling tinyvec_macros v0.1.1
   Compiling arrayref v0.3.9
   Compiling tinyvec v1.11.0
   Compiling siphasher v1.0.3
   Compiling hashbrown v0.17.1
   Compiling strict-num v0.1.1
   Compiling kurbo v0.11.3
   Compiling polycool v0.4.0
   Compiling unicode-script v0.5.8
   Compiling unicode-ccc v0.4.0
   Compiling unicode-bidi-mirroring v0.4.0
   Compiling bitflags v1.3.2
   Compiling equivalent v1.0.2
   Compiling slotmap v1.1.1
   Compiling unicode-properties v0.1.4
   Compiling png v0.17.16
   Compiling kurbo v0.13.1
   Compiling gif v0.14.2
   Compiling simplecss v0.2.2
   Compiling data-url v0.3.2
   Compiling quick-error v2.0.1
   Compiling roxmltree v0.20.0
   Compiling indexmap v2.14.0
   Compiling unicode-bidi v0.3.18
   Compiling imagesize v0.13.0
   Compiling zune-core v0.4.12
   Compiling svgtypes v0.15.3
   Compiling xmlwriter v0.1.0
   Compiling pico-args v0.5.0
   Compiling unicode-vo v0.1.0
   Compiling zune-jpeg v0.4.21
   Compiling image-webp v0.2.4
   Compiling gif v0.13.3
   Compiling rustc-hash v2.1.2
   Compiling memchr v2.8.2
   Compiling itoa v1.0.18
   Compiling ryu v1.0.23
   Compiling once_cell v1.21.4
   Compiling pdf-writer v0.12.1
   Compiling core_maths v0.1.1
   Compiling ttf-parser v0.25.1
   Compiling syn v2.0.118
   Compiling memmap2 v0.9.10
   Compiling bytemuck_derive v1.10.2
   Compiling fontdb v0.23.0
   Compiling bytemuck v1.25.0
   Compiling font-types v0.11.3
   Compiling tiny-skia-path v0.11.4
   Compiling rustybuzz v0.20.1
   Compiling rgb v0.8.53
   Compiling image v0.25.10
   Compiling read-fonts v0.39.2
   Compiling tiny-skia v0.11.4
   Compiling usvg v0.45.1
   Compiling rjtd-model v0.0.0 (/Users/kimuj5090/Documents/rjtd/rjtd/crates/rjtd-model)
   Compiling resvg v0.45.1
   Compiling write-fonts v0.48.1
   Compiling skrifa v0.42.1
   Compiling subsetter v0.2.6
   Compiling svg2pdf v0.13.0
   Compiling rjtd-export v0.0.0 (/Users/kimuj5090/Documents/rjtd/rjtd/crates/rjtd-export)
   Compiling rjtd-cli v0.0.0 (/Users/kimuj5090/Documents/rjtd/rjtd/crates/rjtd-cli)
    Finished `test` profile [unoptimized + debuginfo] target(s) in 10.65s
     Running tests/streams.rs (/tmp/rjtd-task-10-cargo-target/debug/deps/streams-1290050dae9fa15e)

running 1 test
test local_pdf_backed_page_mark_u16_profiles_stay_stable_when_available ... ok

test result: ok. 1 passed; 0 failed; 0 ignored; 0 measured; 123 filtered out; finished in 0.93s

EXIT_CODE=0
ZERO_TEST_DISCLOSURE: local QA invocation did not run 0 tests: cargo test -p rjtd-cli --test streams local_pdf_backed_page_mark_u16_profiles_stay_stable_when_available -- --exact
$ cargo test -p rjtd-cli --test streams local_pdf_backed_page_mark_pitch_profiles_stay_stable_when_available -- --exact
    Finished `test` profile [unoptimized + debuginfo] target(s) in 0.04s
     Running tests/streams.rs (/tmp/rjtd-task-10-cargo-target/debug/deps/streams-1290050dae9fa15e)

running 1 test
test local_pdf_backed_page_mark_pitch_profiles_stay_stable_when_available ... ok

test result: ok. 1 passed; 0 failed; 0 ignored; 0 measured; 123 filtered out; finished in 1.18s

EXIT_CODE=0
ZERO_TEST_DISCLOSURE: local QA invocation did not run 0 tests: cargo test -p rjtd-cli --test streams local_pdf_backed_page_mark_pitch_profiles_stay_stable_when_available -- --exact

## Non-promotion and fallback audit
$ rg -n "tsaitenReferenceProjection|referenceFallbackUsed|sourceOnlyPageYRenderAdmissionGate|data-reference-fallback-used|admissionReady":false" crates/rjtd-model/src/lib.rs
39613:    output.push_str(",\"sourceOnlyPageYRenderAdmissionGate\":");
39934:        "sourceOnlyPageYRenderAdmissionGate.sourceGapToPageLineGapTransformAdmissionGate",
72061:            "<g class=\"rjtd-column-grid-candidate\" data-table-candidate-index=\"{}\" data-projection-kind=\"{}\" data-reference-backed=\"{}\" data-reference-fallback-admitted=\"{}\" data-reference-fallback-used=\"{}\" data-reference-fallback-blocked-reason=\"{}\" data-source-render-layout-present=\"{}\" data-source-anchor-evidence=\"true\" data-source-anchor-basis=\"{}\" data-source-anchor-cell-count=\"{}\" data-geometry-derivation-evidence=\"true\" data-source-derived-layout-candidate=\"{}\" data-source-derived-layout-reference-backed=\"false\" data-column-width-basis=\"{}\" data-stroke-width=\"{:.3}\" data-cell-stroke-width=\"{:.3}\" data-stroke-width-basis=\"{}\" data-cell-text-centered=\"{}\" data-cell-text-alignment-basis=\"{}\" data-cell-text-x-adjustment=\"{:.3}\" data-cell-text-x-adjustment-basis=\"{}\" data-cell-text-baseline-factor=\"{:.3}\" data-cell-text-baseline-basis=\"{}\" data-cell-text-font-weight=\"{}\" data-cell-text-font-weight-basis=\"{}\" data-cell-text-font-size=\"{:.3}\" data-cell-text-font-size-basis=\"{}\" data-fallback-text-anchor-count=\"{}\" data-source-layout-evidence-present=\"{}\" data-decoded-source-placement-evidence=\"{}\" data-render-promotion-blocked-reason=\"{}\" data-placement-derived-from-source=\"{}\" data-decoded=\"false\" data-geometry-decoded=\"false\" data-row-count=\"{}\" data-col-count-candidate=\"{}\">",
73820:    output.push_str("{\"source\":\"table_grid_reference_layout_visible_fallback_allowed+sourceOnlyPageYRenderAdmissionGate\"");
73830:    output.push_str(",\"referenceFallbackUsed\":");
74789:        projection_kind: "tsaitenReferenceProjection",
81055:            "\"sourceOnlyPageYRenderAdmissionGate\":{\"source\":\"sourcePageYTransformGate source-only page-y render admission gate\",\"diagnosticOnly\":true,\"sourceBacked\":true,\"referenceBacked\":false,\"decoded\":false,\"geometryDecoded\":false,\"placementDerived\":false,\"referenceBBoxUsed\":false,\"admissionReady\":true,\"directLineMarkOriginAdmissible\":true,\"sourceLayoutCandidatePresent\":true,\"pageOriginAuthority\":\"lineMarkPageGrid\",\"lineMarkRowsExactAndContiguous\":true,\"lineMarkPageOriginPresent\":true,\"lineMarkPageOriginStridePresent\":false"
81061:            "\"referenceFallbackAdmissionGate\":{\"source\":\"table_grid_reference_layout_visible_fallback_allowed+sourceOnlyPageYRenderAdmissionGate\",\"diagnosticOnly\":true"
81064:            "\"referenceLayoutPresent\":false,\"referenceFallbackAllowed\":false,\"referenceFallbackUsed\":false,\"sourceLayoutCandidatePresent\":true,\"sourceRenderLayoutPresent\":true,\"sourceLayoutRenderable\":true,\"sourceOnlyPageYAdmissionReady\":true,\"sourceOnlyPageYAdmissionBasis\":\"line-mark-page-grid-direct-origin\",\"sourceReplacementBlockedReason\":null,\"blockedReason\":\"active-source-layout-admission-suppresses-reference-fallback\""
81659:        assert!(svg.contains("data-reference-fallback-used=\"false\""));
85109:                .contains("data-projection=\"tsaitenReferenceProjection\"")
85157:        assert!(layer_tree.contains("\"projectionKind\":\"tsaitenReferenceProjection\""));
85182:            "\"referenceFallbackAdmissionGate\":{\"source\":\"table_grid_reference_layout_visible_fallback_allowed+sourceOnlyPageYRenderAdmissionGate\",\"diagnosticOnly\":true"
85185:            layer_tree.matches("\"referenceFallbackUsed\":true").count(),
85189:            "\"referenceLayoutPresent\":true,\"referenceFallbackAllowed\":true,\"referenceFallbackUsed\":true,\"sourceLayoutCandidatePresent\":false,\"sourceRenderLayoutPresent\":false,\"sourceLayoutRenderable\":false,\"sourceOnlyPageYAdmissionReady\":false,\"sourceOnlyPageYAdmissionBasis\":null,\"sourceReplacementBlockedReason\":\"source-derived-layout-candidate-absent\""
85192:            "\"referenceLayoutPresent\":true,\"referenceFallbackAllowed\":true,\"referenceFallbackUsed\":true,\"sourceLayoutCandidatePresent\":true,\"sourceRenderLayoutPresent\":false,\"sourceLayoutRenderable\":false,\"sourceOnlyPageYAdmissionReady\":false,\"sourceOnlyPageYAdmissionBasis\":null,\"sourceReplacementBlockedReason\":\"source-page-y-render-admission-not-ready\""
85381:            "\"sourceOnlyPageYRenderAdmissionGate\":{\"source\":\"sourcePageYTransformGate source-only page-y render admission gate\",\"diagnosticOnly\":true,\"sourceBacked\":true,\"referenceBacked\":false,\"decoded\":false,\"geometryDecoded\":false,\"placementDerived\":false,\"referenceBBoxUsed\":false,\"admissionReady\":false,\"directLineMarkOriginAdmissible\":false,\"sourceLayoutCandidatePresent\":false,\"pageOriginAuthority\":null,\"lineMarkRowsExactAndContiguous\":false,\"lineMarkPageOriginPresent\":false,\"lineMarkPageOriginStridePresent\":false,\"crossTableLineDomainPresent\":true"
85387:            "\"sourceGapToPageLineGapTransformAdmissionGate\":{\"source\":\"sourceOnlyPageYRenderAdmissionGate.sourceGapToPageLineGapTransformAdmissionGate\",\"diagnosticOnly\":true,\"sourceBacked\":true,\"referenceBacked\":false,\"decoded\":false,\"geometryDecoded\":false,\"placementDerived\":false,\"referenceBBoxUsed\":false,\"selectionReady\":false,\"transformDomain\":\"source-unit-gap-to-page-mark-line-index-gap\",\"canDecodeSourceTransform\":false,\"tableFamilyTransformStable\":false,\"tableFamilyTransformBlockedReason\":\"source-gap-to-page-line-gap-transform-unstable-across-table-family\",\"transitionCount\":3,\"allTransitionsSamePageMarkEntry\":true,\"bestCandidateTransformKind\":\"segment-offset-gap\",\"bestCandidateMaxAbsDeltaUnits\":105"
85971:            "\"sourceOnlyPageYRenderAdmissionGate\":{\"source\":\"sourcePageYTransformGate source-only page-y render admission gate\",\"diagnosticOnly\":true,\"sourceBacked\":true,\"referenceBacked\":false,\"decoded\":false,\"geometryDecoded\":false,\"placementDerived\":false,\"referenceBBoxUsed\":false,\"admissionReady\":false,\"directLineMarkOriginAdmissible\":false,\"sourceLayoutCandidatePresent\":true,\"pageOriginAuthority\":\"lineMarkPageGridStrideRawRecordIndex\",\"lineMarkRowsExactAndContiguous\":false,\"lineMarkPageOriginPresent\":false,\"lineMarkPageOriginStridePresent\":true,\"crossTableLineDomainPresent\":true"
85977:            "\"sourceOnlySelectorSupportBlockedReasons\":[\"line-domain-projection-disagrees-with-page-mark-absolute-y-slot\",\"page-mark-absolute-y-slot-semantics-unproven\"],\"sourceGapToPageLineGapTransformAdmissionGate\":{\"source\":\"sourceOnlyPageYRenderAdmissionGate.sourceGapToPageLineGapTransformAdmissionGate\""
86130:        assert!(svg.contains("data-projection=\"tsaitenReferenceProjection\""));
86139:            svg.matches("data-reference-fallback-used=\"true\"").count(),
EXIT_CODE=0

## Conditional local tsaiten fully-qualified fallback
CARGO_TARGET_DIR=/tmp/rjtd-task-10-cargo-target
$ cargo test -p rjtd-model tests::local_tsaiten_preserves_document_text_control_table_candidates_when_reference_pdf_is_available -- --exact
    Finished `test` profile [unoptimized + debuginfo] target(s) in 0.01s
     Running unittests src/lib.rs (/tmp/rjtd-task-10-cargo-target/debug/deps/rjtd_model-7980f8c425d08a33)

running 1 test
test tests::local_tsaiten_preserves_document_text_control_table_candidates_when_reference_pdf_is_available ... ok

test result: ok. 1 passed; 0 failed; 0 ignored; 0 measured; 94 filtered out; finished in 0.14s

EXIT_CODE=0
ZERO_TEST_DISCLOSURE: fully-qualified local tsaiten fallback did not run 0 tests.

## Cleanup receipt
$ rm -rf /tmp/rjtd-task-10-cargo-target
EXIT_CODE=0
$ test ! -e /tmp/rjtd-task-10-cargo-target
EXIT_CODE=0
$ ps -axo pid,command | rg "rjtd-task-10-cargo-target|table_grid_cross_table_subrecord_ordering_helpers_detect_regressions"
 5813 rg rjtd-task-10-cargo-target|table_grid_cross_table_subrecord_ordering_helpers_detect_regressions
EXIT_CODE=0 (1 means no matching task-10 process remains)

## Cleanup receipt correction
NOTE: previous process audit matched the rg command itself; corrected command uses bracketed pattern.
$ ps -axo pid,command | rg "[r]jtd-task-10-cargo-target|[t]able_grid_cross_table_subrecord_ordering_helpers_detect_regressions"
EXIT_CODE=1 (1 means no matching task-10 process remains)

## Manual QA matrix
- Scenario: non-skipping helper/static audit for task-10 source-only transform diagnostics.
  Invocation: `CARGO_TARGET_DIR=/tmp/rjtd-task-10-cargo-target cargo test -p rjtd-model table_grid_cross_table_subrecord_ordering_helpers_detect_regressions -- --exact`.
  Observable: primary exact filter ran 0 tests; disclosed and reran `cargo test -p rjtd-model tests::table_grid_cross_table_subrecord_ordering_helpers_detect_regressions -- --exact`, which ran 1 test and passed.
  Artifact: this log.
- Scenario: source-only diagnostic field audit.
  Invocation: `rg -n "sourceOnlyAxisCandidateBBox|sourceGapToPageLineGapTransformAdmissionGate|sourceOnlyPageMarkAbsoluteYSlotGate|page-mark-absolute-y-slot" crates/rjtd-model/src/lib.rs`.
  Observable: exit 0 with all required diagnostic names present.
  Artifact: this log.
- Scenario: local tsaiten PDF-backed model branch.
  Invocation: `cargo test -p rjtd-model local_tsaiten_preserves_document_text_control_table_candidates_when_reference_pdf_is_available -- --exact`.
  Observable: primary exact filter ran 0 tests; disclosed and reran fully qualified `tests::local_tsaiten_preserves_document_text_control_table_candidates_when_reference_pdf_is_available`, which ran 1 test and passed.
  Artifact: this log.
- Scenario: PageMark local PDF-backed u16 and pitch profile stability.
  Invocation: `cargo test -p rjtd-cli --test streams local_pdf_backed_page_mark_u16_profiles_stay_stable_when_available -- --exact` and `cargo test -p rjtd-cli --test streams local_pdf_backed_page_mark_pitch_profiles_stay_stable_when_available -- --exact`.
  Observable: each ran 1 test and passed.
  Artifact: this log.
- Scenario: visible fallback and non-promotion audit.
  Invocation: `rg -n "tsaitenReferenceProjection|referenceFallbackUsed|sourceOnlyPageYRenderAdmissionGate|data-reference-fallback-used|admissionReady\":false" crates/rjtd-model/src/lib.rs`.
  Observable: exit 0; test assertions retain `tsaitenReferenceProjection`, `referenceFallbackUsed:true`, `data-reference-fallback-used="true"`, and `sourceOnlyPageYRenderAdmissionGate.admissionReady:false` for the blocked tsaiten family.
  Artifact: this log.

## Code review / slop-overfit review
- Product files changed by this worker: none.
- Existing task-10 candidate diagnostics are source-backed and diagnostic-only: `sourceOnlyAxisCandidateBBox`, `sourceGapToPageLineGapTransformAdmissionGate`, and `sourceOnlyPageMarkAbsoluteYSlotGate`.
- Reference-backed probes remain labeled reference-backed where they depend on row-top targets; no reference row-top candidate was wired into source-only admission.
- No source-only admission was promoted. Visible reference fallback remains in place for the blocked tsaiten tables.
- Overfit check: the selected page-mark absolute-y slot still blocks on `line-domain-projection-disagrees-with-page-mark-absolute-y-slot` and `page-mark-absolute-y-slot-semantics-unproven`, so it is not treated as render authority.

## Notepad artifact
- Path: `/Users/kimuj5090/Documents/rjtd/.omo/evidence/current-progress-next-plan/task-10-notepad.md`

## Code review / slop-overfit supplement
timestamp=2026-07-01T02:14:54Z
- Path: `/Users/kimuj5090/Documents/rjtd/.omo/evidence/current-progress-next-plan/task-10-code-review.md`
- Purpose: supplements the gate-rejected code-review/slop-overfit coverage with explicit programming-skill constraints, remove-ai-slops overfit/slop criteria, and non-promotion evidence.
- Product source edit status for supplement: none.
- Cleanup receipt for supplement: no build targets, temp directories, background processes, ports, browser sessions, or generated QA outputs were created; no cleanup action required beyond allowed evidence-file writes.

### Supplement self-check
$ rg -n "Programming-Skill Constraints|No type or compile suppressions|No new dependencies|No hidden render behavior change|No product source edits|Source evidence remains diagnostic-only|Existing code patterns are respected|Remove-AI-Slops Overfit / Slop Criteria|No excessive or useless tests|No weakened, deleted, skipped|No tautological assertions|No implementation-mirroring assertions|No one-off abstractions|No generated output is treated as source truth|No reference-backed candidate was promoted|No future-work placeholder|No unnecessary production extraction|tsaitenReferenceProjection|referenceFallbackUsed:true|source-only admission was not promoted|Supplement Cleanup Receipt" .omo/evidence/current-progress-next-plan/task-10-code-review.md
EXIT_CODE=0
OBSERVED: required programming-skill constraints, remove-ai-slops overfit/slop criteria, non-promotion terms, and cleanup receipt matched in task-10-code-review.md.

$ rg -n "task-10-code-review.md|programming-skill constraints|remove-ai-slops overfit/slop criteria|non-promotion|Supplement cleanup receipt|Cleanup receipt for supplement" .omo/evidence/current-progress-next-plan/task-10-tsaiten-transform.log .omo/evidence/current-progress-next-plan/task-10-notepad.md
EXIT_CODE=0
OBSERVED: supporting artifact path and supplement coverage references matched in the task-10 log and notepad.

$ git status --short -- .omo/evidence/current-progress-next-plan/task-10-tsaiten-transform.log .omo/evidence/current-progress-next-plan/task-10-notepad.md .omo/evidence/current-progress-next-plan/task-10-code-review.md rjtd/crates/rjtd-model/src/lib.rs rjtd/crates/rjtd-cli/src/main.rs rjtd/crates/rjtd-export/src/lib.rs
 M rjtd/crates/rjtd-cli/src/main.rs
 M rjtd/crates/rjtd-export/src/lib.rs
 M rjtd/crates/rjtd-model/src/lib.rs
?? .omo/evidence/current-progress-next-plan/task-10-code-review.md
?? .omo/evidence/current-progress-next-plan/task-10-notepad.md
?? .omo/evidence/current-progress-next-plan/task-10-tsaiten-transform.log
OBSERVED: supplement writes are limited to allowed evidence files; listed product source modifications are pre-existing shared-worktree changes and were not edited by this supplement.
