# Task 11 Evidence: tsaiten Admission Gate

Task: Promote `tsaiten` only to source-only readiness when both table families satisfy the admission contract.
Workspace: `/Users/kimuj5090/Documents/rjtd`
Result: blocked, not promoted.

## Decision

Source-only readiness was not promoted.

Reason: both visible `tsaiten` table families do not satisfy the same source-only admission contract. The current local-sample assertions preserve visible reference output with two `referenceFallbackUsed:true` table groups. The scoring table remains blocked by `source-derived-layout-candidate-absent`; the lower table has a source-derived layout candidate but remains blocked by `source-page-y-render-admission-not-ready`, including source-only page-Y blockers such as `source-gap-to-page-line-gap-transform-unstable-across-table-family` and `line-domain-projection-disagrees-with-page-mark-absolute-y-slot`.

Rendering was left unchanged. No per-family visible fallback removal was attempted.

TODO/RFC update decision: not needed. Existing English and Japanese TODO/RFC entries already state that current PDF-backed `tsaiten` visible tables still use reference fallback and preserve these blocker strings.

## Commands And Exits

Scenario: required helper selector from acceptance.
Invocation:

```bash
cd /Users/kimuj5090/Documents/rjtd/rjtd && cargo test -p rjtd-model table_grid_cross_table_subrecord_ordering_helpers_detect_regressions -- --exact
```

Exit: 0.
Binary observable:

```text
running 0 tests
test result: ok. 0 passed; 0 failed; 0 ignored; 0 measured; 95 filtered out; finished in 0.00s
```

0-test disclosure: the bare exact selector ran 0 tests, so the module-qualified fallback selector was required.

Scenario: module-qualified helper selector fallback.
Invocation:

```bash
cd /Users/kimuj5090/Documents/rjtd/rjtd && cargo test -p rjtd-model tests::table_grid_cross_table_subrecord_ordering_helpers_detect_regressions -- --exact
```

Exit: 0.
Binary observable:

```text
running 1 test
test tests::table_grid_cross_table_subrecord_ordering_helpers_detect_regressions ... ok
test result: ok. 1 passed; 0 failed; 0 ignored; 0 measured; 94 filtered out; finished in 0.00s
```

Scenario: local `tsaiten` sample QA branch with assets present.
Precondition observable:

```text
rjtd-testdata/local-samples/ichitaro-20030120132956-0007-sp-dat-tsaiten.jtd
rjtd-testdata/local-samples/ichitaro-20030120132956-0007-sp-dat-tsaiten.pdf
```

Invocation:

```bash
cd /Users/kimuj5090/Documents/rjtd/rjtd && cargo test -p rjtd-model tests::local_tsaiten_preserves_document_text_control_table_candidates_when_reference_pdf_is_available -- --exact
```

Exit: 0.
Binary observable:

```text
running 1 test
test tests::local_tsaiten_preserves_document_text_control_table_candidates_when_reference_pdf_is_available ... ok
test result: ok. 1 passed; 0 failed; 0 ignored; 0 measured; 94 filtered out; finished in 0.14s
```

Scenario: workspace regression suite from acceptance.
Invocation:

```bash
cd /Users/kimuj5090/Documents/rjtd/rjtd && cargo test --workspace
```

Exit: 0.
Binary observable summary:

```text
rjtd-cli tests/streams.rs: 124 passed; 0 failed
rjtd-core unit tests: 60 passed; 0 failed
rjtd-export unit tests: 30 passed; 0 failed
rjtd-model unit tests: 95 passed; 0 failed
rjtd-wasm unit tests: 3 passed; 0 failed
doc tests: 0 failed
```

Note: `local_samples_export_to_valid_pdf_when_available` ran for over 60 seconds and then passed.

Scenario: static admission field audit from acceptance.
Invocation:

```bash
cd /Users/kimuj5090/Documents/rjtd/rjtd && rg -n "referenceFallbackAdmissionGate|referenceFallbackAllowed|referenceFallbackUsed|sourceReplacementBlockedReason" crates/rjtd-model/src/lib.rs
```

Exit: 0.
Binary observable:

```text
24936:    output.push_str(",\"referenceFallbackAdmissionGate\":");
73828:    output.push_str(",\"referenceFallbackAllowed\":");
73830:    output.push_str(",\"referenceFallbackUsed\":");
73866:    output.push_str(",\"sourceReplacementBlockedReason\":");
81061:            "\"referenceFallbackAdmissionGate\":{\"source\":\"table_grid_reference_layout_visible_fallback_allowed+sourceOnlyPageYRenderAdmissionGate\",\"diagnosticOnly\":true"
81064:            "\"referenceLayoutPresent\":false,\"referenceFallbackAllowed\":false,\"referenceFallbackUsed\":false,\"sourceLayoutCandidatePresent\":true,\"sourceRenderLayoutPresent\":true,\"sourceLayoutRenderable\":true,\"sourceOnlyPageYAdmissionReady\":true,\"sourceOnlyPageYAdmissionBasis\":\"line-mark-page-grid-direct-origin\",\"sourceReplacementBlockedReason\":null,\"blockedReason\":\"active-source-layout-admission-suppresses-reference-fallback\""
85182:            "\"referenceFallbackAdmissionGate\":{\"source\":\"table_grid_reference_layout_visible_fallback_allowed+sourceOnlyPageYRenderAdmissionGate\",\"diagnosticOnly\":true"
85185:            layer_tree.matches("\"referenceFallbackUsed\":true").count(),
85189:            "\"referenceLayoutPresent\":true,\"referenceFallbackAllowed\":true,\"referenceFallbackUsed\":true,\"sourceLayoutCandidatePresent\":false,\"sourceRenderLayoutPresent\":false,\"sourceLayoutRenderable\":false,\"sourceOnlyPageYAdmissionReady\":false,\"sourceOnlyPageYAdmissionBasis\":null,\"sourceReplacementBlockedReason\":\"source-derived-layout-candidate-absent\""
85192:            "\"referenceLayoutPresent\":true,\"referenceFallbackAllowed\":true,\"referenceFallbackUsed\":true,\"sourceLayoutCandidatePresent\":true,\"sourceRenderLayoutPresent\":false,\"sourceLayoutRenderable\":false,\"sourceOnlyPageYAdmissionReady\":false,\"sourceOnlyPageYAdmissionBasis\":null,\"sourceReplacementBlockedReason\":\"source-page-y-render-admission-not-ready\""
```

## Manual QA Matrix

| Scenario | Invocation | Binary observable | Artifact |
| --- | --- | --- | --- |
| Local tsaiten visible output stays reference-backed while blockers remain | `cargo test -p rjtd-model tests::local_tsaiten_preserves_document_text_control_table_candidates_when_reference_pdf_is_available -- --exact` | exit 0, 1 passed; test asserts `tsaitenReferenceProjection`, two `referenceFallbackUsed:true`, and blocker strings `source-derived-layout-candidate-absent` and `source-page-y-render-admission-not-ready` | this file |
| Admission selector helper stays locked | `cargo test -p rjtd-model tests::table_grid_cross_table_subrecord_ordering_helpers_detect_regressions -- --exact` | exit 0, 1 passed; helper asserts transform blocker and absolute-slot disagreement blocker | this file |
| Workspace remains green | `cargo test --workspace` | exit 0 across CLI/core/export/model/wasm/doc-test surfaces | this file |
| Static admission fields present | `rg -n "referenceFallbackAdmissionGate|referenceFallbackAllowed|referenceFallbackUsed|sourceReplacementBlockedReason" crates/rjtd-model/src/lib.rs` | exit 0 and expected field/test assertion lines found | this file |

## Code Review / Slop-Overfit Review

No product code or docs were edited for this task. Review focus was the admission decision:

- No source-only replacement was claimed from selector-only, reference-backed, or single-family evidence.
- No per-family visible fallback removal was introduced.
- Existing blocker strings remain exact and test-asserted.
- Existing TODO/RFC wording already names the remaining blockers, so further docs edits would duplicate existing state rather than clarify it.

Overfit risk checked: the passing local sample test still asserts visible `tsaitenReferenceProjection` and two `referenceFallbackUsed:true` occurrences, so the task did not tune implementation toward a partial source-only promotion.

## Cleanup Receipt

No dev server, tmux session, background process, temporary directory, generated PDF, staged change, or dependency was created.

Artifacts written:

- `/Users/kimuj5090/Documents/rjtd/.omo/evidence/current-progress-next-plan/task-11-tsaiten-admission.log`
- `/Users/kimuj5090/Documents/rjtd/.omo/evidence/current-progress-next-plan/task-11-notepad.md`

## Remaining Risks

- `tsaiten` still depends on legacy reference fallback for visible table rendering.
- The source-only page-Y transform remains undecoded across both visible table families.
- The lower table exposes a raw absolute-y slot diagnostic, but it is not render authority because source agreement fails.

---

# Task 11 Re-execution Evidence: tsaiten Admission Gate

Date: 2026-07-01
Result: HARD BLOCKED. Source-only readiness was not promoted.
DoneClaim: blocked.
Checkbox disposition recommendation: keep_unchecked.

## Gate Rejection Addressed

The prior gate rejected the conservative result because checkbox 11 requires proof of source-only readiness for both visible `tsaiten` table families before completion. This re-execution attempted to find a safe source-only promotion path in `rjtd/crates/rjtd-model/src/lib.rs` and found that the remaining blockers are real source-evidence gaps, not stale diagnostics.

No product or docs files were edited. Visible reference fallback remains preserved because promoting now would require treating incomplete, contradictory, or single-support y evidence as render authority.

## Exact Missing Source Evidence

Scoring table family:

- Current visible fallback state remains `referenceFallbackAllowed:true` and `referenceFallbackUsed:true`.
- Blocking field: `sourceReplacementBlockedReason:"source-derived-layout-candidate-absent"`.
- Source-derived layout gate details: `sourcePlacementEvidencePresent:false`, `matchedCellHeaderCount:0`, `requiredCellHeaderCount:12`, `rowsWithoutHeaders:[1,2]`, `rowsWithoutMatchedCellHeaders:[0,1,2,3]`, `lineHeaderRowsHomogeneous:false`, and `lineMarkRowsExactAndContiguous:false`.
- Source-only axis diagnostic is not enough: it has a candidate bbox with `x:174.000`, `y:235.087`, `width:421.000`, `height:93.192`, but its blockers include `source-derived-layout-candidate-absent`, `source-y-origin-selector-fragmented-by-table`, `source-gap-to-page-line-gap-transform-unstable-across-table-family`, and `source-derived-layout-not-renderable`.
- Required next product field/test: a source-derived layout candidate for the scoring table whose row/cell line-header coverage reaches all 12 cells, whose selected source rows map exactly and contiguously to `/LineMark`, and whose `sourceOnlyPageYRenderAdmissionGate.admissionReady` becomes true without using `tsaitenReferenceProjection` or any reference bbox. The next regression should assert `sourceLayoutCandidatePresent:true`, `sourceLayoutRenderable:true`, `sourceOnlyPageYAdmissionReady:true`, and `referenceFallbackUsed:false` for this family only after the lower family satisfies the same contract.

Lower table family:

- Current visible fallback state remains `referenceFallbackAllowed:true` and `referenceFallbackUsed:true`.
- Blocking field: `sourceReplacementBlockedReason:"source-page-y-render-admission-not-ready"`.
- Source-derived layout candidate exists, but render admission is false: `sourceLayoutCandidatePresent:true`, `sourceRenderLayoutPresent:false`, `sourceLayoutRenderable:false`, `sourceOnlyPageYAdmissionReady:false`.
- The strongest source-only y diagnostic is still not render authority. It records `selectedY:768.000` from `page-mark-absolute-y-slot-field2-tail-block16-word11`, but only as single-support evidence with `source-y-origin-selector-single-support-fallback-not-render-admissible`.
- The PageMark absolute-y slot path is contradictory: `lineDomainProjectedY:875.539` versus `absoluteYSlotY:768.000`, residual `107.539`, blocker `line-domain-projection-disagrees-with-page-mark-absolute-y-slot`.
- The family-level transform remains undecoded: `transformDomain:"source-unit-gap-to-page-mark-line-index-gap"`, `tableFamilyTransformStable:false`, best candidate `segment-offset-gap`, `bestCandidateMaxAbsDeltaUnits:105`, `exactTransformCandidateCount:0`, blocker `source-gap-to-page-line-gap-transform-unstable-across-table-family`.
- Required next product field/test: a decoded page-y transform proving how source unit gaps or segment offsets map to PageMark line-index gaps with zero family max delta, or an independently corroborated PageMark absolute-y slot semantic where line-domain projection agrees within tolerance. The next regression should assert `sourceGapToPageLineGapTableFamilyTransformStable:true` or `pageMarkAbsoluteYSlotSemanticsReady:true`, `sourceOnlyPageYRenderAdmissionGate.admissionReady:true`, and then suppress fallback for both visible table families together.

Why no safe implementation can satisfy checkbox 11 now: the only available source-only coordinates are either incomplete for the scoring table or contradictory/single-support for the lower table. Reusing the reference fallback geometry, accepting the scoring selector bbox, or accepting the lower raw `768` slot would violate the plan constraint against source-only promotion from reference-backed, selector-only, or single-family evidence.

## Commands And Exits

Scenario: required helper selector from acceptance.
Invocation:

```bash
cd /Users/kimuj5090/Documents/rjtd/rjtd && cargo test -p rjtd-model table_grid_cross_table_subrecord_ordering_helpers_detect_regressions -- --exact
```

Exit: 0.
Binary observable:

```text
running 0 tests
test result: ok. 0 passed; 0 failed; 0 ignored; 0 measured; 95 filtered out; finished in 0.00s
```

0-test disclosure: the bare exact selector ran 0 tests again, so the module-qualified fallback selector was required.

Scenario: module-qualified helper selector fallback.
Invocation:

```bash
cd /Users/kimuj5090/Documents/rjtd/rjtd && cargo test -p rjtd-model tests::table_grid_cross_table_subrecord_ordering_helpers_detect_regressions -- --exact
```

Exit: 0.
Binary observable:

```text
running 1 test
test tests::table_grid_cross_table_subrecord_ordering_helpers_detect_regressions ... ok
test result: ok. 1 passed; 0 failed; 0 ignored; 0 measured; 94 filtered out; finished in 0.00s
```

Scenario: local `tsaiten` sample QA branch with local assets present.
Precondition observable:

```text
sample_jtd_exit=0
sample_pdf_exit=0
```

Invocation:

```bash
cd /Users/kimuj5090/Documents/rjtd/rjtd && cargo test -p rjtd-model tests::local_tsaiten_preserves_document_text_control_table_candidates_when_reference_pdf_is_available -- --exact
```

Exit: 0.
Binary observable:

```text
running 1 test
test tests::local_tsaiten_preserves_document_text_control_table_candidates_when_reference_pdf_is_available ... ok
test result: ok. 1 passed; 0 failed; 0 ignored; 0 measured; 94 filtered out; finished in 0.17s
```

Scenario: workspace regression suite.
Invocation:

```bash
cd /Users/kimuj5090/Documents/rjtd/rjtd && cargo test --workspace
```

Exit: 0.
Binary observable summary:

```text
rjtd-cli tests/streams.rs: 124 passed; 0 failed
rjtd-core unit tests: 60 passed; 0 failed
rjtd-export unit tests: 30 passed; 0 failed
rjtd-model unit tests: 95 passed; 0 failed
rjtd-wasm unit tests: 3 passed; 0 failed
doc tests: 0 failed
```

Note: `local_samples_export_to_valid_pdf_when_available` ran for over 60 seconds and passed.

Scenario: static admission field audit from acceptance.
Invocation:

```bash
cd /Users/kimuj5090/Documents/rjtd/rjtd && rg -n "referenceFallbackAdmissionGate|referenceFallbackAllowed|referenceFallbackUsed|sourceReplacementBlockedReason" crates/rjtd-model/src/lib.rs
```

Exit: 0.
Binary observable:

```text
24936:    output.push_str(",\"referenceFallbackAdmissionGate\":");
73828:    output.push_str(",\"referenceFallbackAllowed\":");
73830:    output.push_str(",\"referenceFallbackUsed\":");
73866:    output.push_str(",\"sourceReplacementBlockedReason\":");
81061:            "\"referenceFallbackAdmissionGate\":{\"source\":\"table_grid_reference_layout_visible_fallback_allowed+sourceOnlyPageYRenderAdmissionGate\",\"diagnosticOnly\":true"
81064:            "\"referenceLayoutPresent\":false,\"referenceFallbackAllowed\":false,\"referenceFallbackUsed\":false,\"sourceLayoutCandidatePresent\":true,\"sourceRenderLayoutPresent\":true,\"sourceLayoutRenderable\":true,\"sourceOnlyPageYAdmissionReady\":true,\"sourceOnlyPageYAdmissionBasis\":\"line-mark-page-grid-direct-origin\",\"sourceReplacementBlockedReason\":null,\"blockedReason\":\"active-source-layout-admission-suppresses-reference-fallback\""
85182:            "\"referenceFallbackAdmissionGate\":{\"source\":\"table_grid_reference_layout_visible_fallback_allowed+sourceOnlyPageYRenderAdmissionGate\",\"diagnosticOnly\":true"
85185:            layer_tree.matches("\"referenceFallbackUsed\":true").count(),
85189:            "\"referenceLayoutPresent\":true,\"referenceFallbackAllowed\":true,\"referenceFallbackUsed\":true,\"sourceLayoutCandidatePresent\":false,\"sourceRenderLayoutPresent\":false,\"sourceLayoutRenderable\":false,\"sourceOnlyPageYAdmissionReady\":false,\"sourceOnlyPageYAdmissionBasis\":null,\"sourceReplacementBlockedReason\":\"source-derived-layout-candidate-absent\""
85192:            "\"referenceLayoutPresent\":true,\"referenceFallbackAllowed\":true,\"referenceFallbackUsed\":true,\"sourceLayoutCandidatePresent\":true,\"sourceRenderLayoutPresent\":false,\"sourceLayoutRenderable\":false,\"sourceOnlyPageYAdmissionReady\":false,\"sourceOnlyPageYAdmissionBasis\":null,\"sourceReplacementBlockedReason\":\"source-page-y-render-admission-not-ready\""
```

Scenario: TODO/RFC blocker parity check.
Invocation:

```bash
cd /Users/kimuj5090/Documents/rjtd && rg -n "source-derived-layout-candidate-absent|source-page-y-render-admission-not-ready|line-domain-projection-disagrees-with-page-mark-absolute-y-slot|source-gap-to-page-line-gap-transform-unstable-across-table-family|source-y-origin-selector-fragmented-by-table" TODO.md TODO.ja.md openjtd-spec/rfc/0008-object-stream-candidates.md openjtd-spec/rfc/0008-object-stream-candidates.ja.md rjtd/crates/rjtd-model/src/lib.rs
```

Exit: 0.
Binary observable: English and Japanese TODO/RFC entries contain the blocker strings, including `TODO.md:687`, `TODO.md:717`, `TODO.ja.md:661`, `TODO.ja.md:694`, `openjtd-spec/rfc/0008-object-stream-candidates.md:231`, and `openjtd-spec/rfc/0008-object-stream-candidates.ja.md:231`.

## Manual QA Matrix

| Scenario | Invocation | Binary observable | Captured artifact |
| --- | --- | --- | --- |
| Bare helper selector disclosure | `cargo test -p rjtd-model table_grid_cross_table_subrecord_ordering_helpers_detect_regressions -- --exact` | exit 0, 0 tests, 95 filtered out | `/Users/kimuj5090/Documents/rjtd/.omo/evidence/current-progress-next-plan/task-11-tsaiten-admission.log` |
| Qualified helper locks blockers | `cargo test -p rjtd-model tests::table_grid_cross_table_subrecord_ordering_helpers_detect_regressions -- --exact` | exit 0, 1 passed; covers `source-gap-to-page-line-gap-transform-unstable-across-table-family` and `line-domain-projection-disagrees-with-page-mark-absolute-y-slot` | same log |
| Local tsaiten visible output preserved | `cargo test -p rjtd-model tests::local_tsaiten_preserves_document_text_control_table_candidates_when_reference_pdf_is_available -- --exact` | exit 0, 1 passed; test asserts `tsaitenReferenceProjection`, two `referenceFallbackUsed:true`, `source-derived-layout-candidate-absent`, and `source-page-y-render-admission-not-ready` | same log |
| Workspace regression | `cargo test --workspace` | exit 0 across CLI/core/export/model/wasm/doc tests | same log |
| Static field audit | `rg -n "referenceFallbackAdmissionGate|referenceFallbackAllowed|referenceFallbackUsed|sourceReplacementBlockedReason" crates/rjtd-model/src/lib.rs` | exit 0; fields and test assertions present | same log |
| TODO/RFC parity | `rg -n "source-derived-layout-candidate-absent|source-page-y-render-admission-not-ready|line-domain-projection-disagrees-with-page-mark-absolute-y-slot|source-gap-to-page-line-gap-transform-unstable-across-table-family|source-y-origin-selector-fragmented-by-table" ...` | exit 0; English/Japanese TODO/RFC and model assertions contain blockers | same log |

## Explicit Programming-Skill Review

Skill applied: `omo:programming`; Rust reference loaded before deciding on edits.

- Language gate: Rust, `rjtd/crates/rjtd-model/src/lib.rs`.
- Code edit decision: no Rust edit was made because the type/field evidence does not satisfy the source-only admission invariant.
- Type-safety review: no new `unwrap`, `expect`, `unsafe`, unchecked casts, public API changes, allocation paths, or enum wildcard behavior were introduced.
- Boundary review: no raw stream/export-layer shortcut was added; the decision preserves the existing model-owned diagnostic fields.
- Test review: behavior is locked by the focused helper test, local sample test with assets present, workspace suite, and static blocker audits. A future implementation must first add/adjust a failing regression that proves both visible families can report `sourceOnlyPageYAdmissionReady:true` and suppress fallback together.
- File-size review: no product file was modified; the known large central model file remains a project exception per `rjtd/AGENTS.md`.

## Explicit Remove-AI-Slops / Overfit Review

Skill applied: `omo:remove-ai-slops` as a review pass over the task-11 scope. No slop-removal code changes were made because task 11 has no new product/test diff in this re-execution.

Scope: `rjtd/crates/rjtd-model/src/lib.rs`, task-11 evidence artifacts, and blocker/doc parity.

Behavior lock: GREEN before and after review through the focused helper test, local `tsaiten` test, workspace test, and static audits above.

Cleanup plan outcome:

- Obvious comments: N/A, no product edits.
- Dead code: N/A, no new task-11 product code.
- Defensive code: N/A, no new guards or fallbacks.
- Duplication: skipped; existing string assertions are established reverse-engineering evidence tests and changing them would broaden scope.
- Complexity/abstraction/performance: skipped; no behavior-preserving slop edit was available without touching unrelated WIP.
- Missing tests: no new behavior was introduced. The existing local test already asserts unchanged visible fallback and exact blockers.

Overfit result: PASS. The re-execution rejects a tempting sample-specific promotion from raw coordinates (`235.087` scoring selector bbox, `768.000` lower absolute-y slot) because both lack the full source-only admission contract. This avoids reference-backed, selector-only, and single-family overfit.

## Cleanup Receipt

No dev server, background process, tmux session, temporary directory, generated PDF, dependency, staging, commit, or destructive command was created. The only write-scope changes are task-11 evidence artifacts.

Artifacts written:

- `/Users/kimuj5090/Documents/rjtd/.omo/evidence/current-progress-next-plan/task-11-tsaiten-admission.log`
- `/Users/kimuj5090/Documents/rjtd/.omo/evidence/current-progress-next-plan/task-11-notepad.md`
- `/Users/kimuj5090/Documents/rjtd/.omo/evidence/current-progress-next-plan/task-11-code-review.md`

## Risks

- `tsaiten` visible table rendering still depends on legacy reference fallback.
- The scoring table lacks source-derived layout candidate evidence for all cells.
- The lower table has source candidate geometry but lacks page-y render authority.
- Future work must prove the page-y transform from source fields, not by matching reference bboxes or promoting a single raw PageMark slot.
