# Task 12 Q4/Q5 vector-offset authority evidence
Started: 2026-07-01T01:37:03Z

## Environment
cwd: /Users/kimuj5090/Documents/rjtd/rjtd
local sample jtd: status=0
local sample pdf: status=0


## Command
cargo test -p rjtd-export fdm_bbox_center_handles_extreme_bounds_without_overflow -- --exact

    Finished `test` profile [unoptimized + debuginfo] target(s) in 0.08s
     Running unittests src/lib.rs (target/debug/deps/rjtd_export-6547548c2d06489d)

running 0 tests

test result: ok. 0 passed; 0 failed; 0 ignored; 0 measured; 30 filtered out; finished in 0.00s


## 0-test disclosure
cargo test -p rjtd-export fdm_bbox_center_handles_extreme_bounds_without_overflow -- --exact ran 0 tests; rerunning fully-qualified tests::fdm_bbox_center_handles_extreme_bounds_without_overflow form.

## Command
cargo test -p rjtd-export tests::fdm_bbox_center_handles_extreme_bounds_without_overflow -- --exact

    Finished `test` profile [unoptimized + debuginfo] target(s) in 0.07s
     Running unittests src/lib.rs (target/debug/deps/rjtd_export-6547548c2d06489d)

running 1 test
test tests::fdm_bbox_center_handles_extreme_bounds_without_overflow ... ok

test result: ok. 1 passed; 0 failed; 0 ignored; 0 measured; 29 filtered out; finished in 0.00s


exit_status=0

## Final status
- DoneClaim status: complete.
- Vector-offset authority result: narrowed, not proven. Q4/Q5 role references still show valid vector-offset reference count 0 where asserted by the fixture, so `fdm-index-role-vector-offset-authority-valid-vector-offset-missing` remains required.
- Product edits by task 12: none. Existing modified product files were inspected but not changed by this task.
- Changed artifacts by task 12: this log and `/Users/kimuj5090/Documents/rjtd/.omo/evidence/current-progress-next-plan/task-12-notepad.md`.

## Command
rg -n roleVectorOffsetAuthorityGate|fdm-index-role-vector-offset-authority-valid-vector-offset-missing|validVectorOffsetReferenceCount|allReferencesHaveInvalidVectorOffset crates/rjtd-export/src/lib.rs crates/rjtd-model/src/lib.rs

crates/rjtd-export/src/lib.rs:2600:    output.push_str(",\"validVectorOffsetReferenceCount\":");
crates/rjtd-export/src/lib.rs:3281:    output.push_str(",\"validVectorOffsetReferenceCount\":");
crates/rjtd-export/src/lib.rs:3543:        output.push_str(",\"validVectorOffsetReferenceCount\":");
crates/rjtd-export/src/lib.rs:3603:        output.push_str(",\"roleVectorOffsetAuthorityGate\":");
crates/rjtd-export/src/lib.rs:3625:        "fdm-index-role-vector-offset-authority-valid-vector-offset-missing"
crates/rjtd-export/src/lib.rs:3673:    output.push_str(",\"validVectorOffsetReferenceCount\":");
crates/rjtd-export/src/lib.rs:3675:    output.push_str(",\"invalidVectorOffsetReferenceCount\":");
crates/rjtd-export/src/lib.rs:3725:    output.push_str(",\"allReferencesHaveInvalidVectorOffset\":");
crates/rjtd-export/src/lib.rs:7837:                "fdm-index-role-vector-offset-authority-valid-vector-offset-missing",
crates/rjtd-export/src/lib.rs:7875:        assert!(json.contains("\"roleCandidate\":\"main-circle-anchor\",\"ownershipProven\":false,\"ownershipPromotionBlockedReason\":\"role-candidate-and-paint-order-unproven\",\"referenceCount\":3,\"validVectorOffsetReferenceCount\":0,\"commandRelativeOffsetFieldReferenceCount\":3,\"sourceSegmentRelativeOffsetFieldReferenceCount\":0,\"commandRelativeOffsets\":[308,470,504],\"rowIndexes\":[7,12,13],\"uniqueCommandRelativeOffsetCount\":3,\"uniqueRowIndexCount\":3,\"oneToOneRowCommandReferenceCandidate\":true,\"singleRowBacksMultipleCommandsCandidate\":false,\"rowOrderMatchesCommandOrderCandidate\":true,\"rowCommandPairs\":[{\"rowIndex\":7,\"commandRelativeOffset\":308,\"matchKind\":\"command-relative-offset-field\"}"));
crates/rjtd-export/src/lib.rs:7877:        assert!(json.contains("\"roleCandidate\":\"radial-line-candidate\",\"ownershipProven\":false,\"ownershipPromotionBlockedReason\":\"role-candidate-and-paint-order-unproven\",\"referenceCount\":2,\"validVectorOffsetReferenceCount\":0,\"commandRelativeOffsetFieldReferenceCount\":2,\"sourceSegmentRelativeOffsetFieldReferenceCount\":0,\"commandRelativeOffsets\":[342,406],\"rowIndexes\":[8,10],\"uniqueCommandRelativeOffsetCount\":2,\"uniqueRowIndexCount\":2,\"oneToOneRowCommandReferenceCandidate\":true,\"singleRowBacksMultipleCommandsCandidate\":false,\"rowOrderMatchesCommandOrderCandidate\":true,\"rowCommandPairs\":[{\"rowIndex\":8,\"commandRelativeOffset\":342,\"matchKind\":\"command-relative-offset-field\"},{\"rowIndex\":10,\"commandRelativeOffset\":406,\"matchKind\":\"command-relative-offset-field\"}],\"roleVectorOffsetAuthorityGate\":"));
crates/rjtd-export/src/lib.rs:7990:                "fdm-index-role-vector-offset-authority-valid-vector-offset-missing",
crates/rjtd-export/src/lib.rs:8038:        assert!(json.contains("\"roleCandidate\":\"line-candidate\",\"ownershipProven\":false,\"ownershipPromotionBlockedReason\":\"role-candidate-and-paint-order-unproven\",\"referenceCount\":2,\"validVectorOffsetReferenceCount\":0,\"commandRelativeOffsetFieldReferenceCount\":0,\"sourceSegmentRelativeOffsetFieldReferenceCount\":2,\"commandRelativeOffsets\":[1992,2024],\"rowIndexes\":[40],\"uniqueCommandRelativeOffsetCount\":2,\"uniqueRowIndexCount\":1,\"oneToOneRowCommandReferenceCandidate\":false,\"singleRowBacksMultipleCommandsCandidate\":true,\"rowOrderMatchesCommandOrderCandidate\":true,\"rowCommandPairs\":[{\"rowIndex\":40,\"commandRelativeOffset\":1992,\"matchKind\":\"source-segment-relative-offset-field\"},{\"rowIndex\":40,\"commandRelativeOffset\":2024,\"matchKind\":\"source-segment-relative-offset-field\"}],\"roleVectorOffsetAuthorityGate\":{\"basis\":\"fdm-index-role-vector-offset-authority-gate\",\"source\":\"FDMIndex.vectorOffset+FDMIndex role offset fields\",\"decoded\":false,\"sourceBacked\":true,\"roleCandidate\":\"line-candidate\",\"roleVectorOffsetAuthorityDecoded\":false,\"renderPromotionContribution\":\"fdm-index-role-vector-offset-authority-gate\",\"renderPromotionBlockedReason\":\"fdm-index-role-vector-offset-authority-valid-vector-offset-missing\",\"referenceCount\":2,\"validVectorOffsetReferenceCount\":0,\"invalidVectorOffsetReferenceCount\":2,\"commandRelativeOffsetFieldReferenceCount\":0,\"sourceSegmentRelativeOffsetFieldReferenceCount\":2,\"validCommandRelativeOffsetFieldReferenceCount\":0,\"validSourceSegmentRelativeOffsetFieldReferenceCount\":0,\"invalidCommandRelativeOffsetFieldReferenceCount\":0,\"invalidSourceSegmentRelativeOffsetFieldReferenceCount\":2,\"allValidReferencesUseCommandRelativeOffsetField\":false,\"allValidReferencesUseSourceSegmentRelativeOffsetField\":false,\"mixedOffsetNamespacesAmongValidReferences\":false,\"allReferencesHaveInvalidVectorOffset\":true},\"roleFanoutSegmentOwnerGate\":{\"basis\":\"fdm-index-role-row-fanout-segment-owner-gate\",\"source\":\"FDMIndex role row references+FDMVector source segments\",\"decoded\":false,\"sourceBacked\":true,\"roleCandidate\":\"line-candidate\",\"roleOwnershipDecoded\":false,\"segmentOwnerDecoded\":false,\"renderPromotionContribution\":\"fdm-index-role-row-fanout-segment-owner-gate\",\"renderPromotionBlockedReason\":\"fdm-index-role-row-fanout-multi-command-single-row\",\"referenceCount\":2,\"uniqueCommandRelativeOffsetCount\":2,\"uniqueRowIndexCount\":1,\"commandRelativeOffsetFieldReferenceCount\":0,\"sourceSegmentRelativeOffsetFieldReferenceCount\":2,\"fanoutRowCount\":1,\"fanoutReferenceCount\":2,\"fanoutCommandRelativeOffsetFieldReferenceCount\":0,\"fanoutSourceSegmentRelativeOffsetFieldReferenceCount\":2,\"maxRowFanout\":2,\"oneToOneRowCommandReferenceCandidate\":false,\"singleRowBacksMultipleCommandsCandidate\":true,\"mixedOffsetFieldNamespaces\":false,\"fanoutRowsUseSourceSegmentOffsetFields\":true,\"rowsWithMultipleCommandRefs\":[{\"rowIndex\":40,\"commandReferenceCount\":2,\"commandRelativeOffsets\":[1992,2024],\"matchKinds\":[\"source-segment-relative-offset-field\"]}]}"));
crates/rjtd-model/src/lib.rs:69209:    output.push_str(",\"validVectorOffsetReferenceCount\":");
crates/rjtd-model/src/lib.rs:69894:    output.push_str(",\"validVectorOffsetReferenceCount\":");
crates/rjtd-model/src/lib.rs:70156:        output.push_str(",\"validVectorOffsetReferenceCount\":");
crates/rjtd-model/src/lib.rs:70216:        output.push_str(",\"roleVectorOffsetAuthorityGate\":");
crates/rjtd-model/src/lib.rs:70238:        "fdm-index-role-vector-offset-authority-valid-vector-offset-missing"
crates/rjtd-model/src/lib.rs:70286:    output.push_str(",\"validVectorOffsetReferenceCount\":");
crates/rjtd-model/src/lib.rs:70288:    output.push_str(",\"invalidVectorOffsetReferenceCount\":");
crates/rjtd-model/src/lib.rs:70338:    output.push_str(",\"allReferencesHaveInvalidVectorOffset\":");
crates/rjtd-model/src/lib.rs:80170:                "fdm-index-role-vector-offset-authority-valid-vector-offset-missing",
crates/rjtd-model/src/lib.rs:80208:        assert!(info.contains("\"roleCandidate\":\"main-circle-anchor\",\"ownershipProven\":false,\"ownershipPromotionBlockedReason\":\"role-candidate-and-paint-order-unproven\",\"referenceCount\":3,\"validVectorOffsetReferenceCount\":0,\"commandRelativeOffsetFieldReferenceCount\":3,\"sourceSegmentRelativeOffsetFieldReferenceCount\":0,\"commandRelativeOffsets\":[308,470,504],\"rowIndexes\":[7,12,13],\"uniqueCommandRelativeOffsetCount\":3,\"uniqueRowIndexCount\":3,\"oneToOneRowCommandReferenceCandidate\":true,\"singleRowBacksMultipleCommandsCandidate\":false,\"rowOrderMatchesCommandOrderCandidate\":true,\"rowCommandPairs\":[{\"rowIndex\":7,\"commandRelativeOffset\":308,\"matchKind\":\"command-relative-offset-field\"}"));
crates/rjtd-model/src/lib.rs:80210:        assert!(info.contains("\"roleCandidate\":\"radial-line-candidate\",\"ownershipProven\":false,\"ownershipPromotionBlockedReason\":\"role-candidate-and-paint-order-unproven\",\"referenceCount\":2,\"validVectorOffsetReferenceCount\":0,\"commandRelativeOffsetFieldReferenceCount\":2,\"sourceSegmentRelativeOffsetFieldReferenceCount\":0,\"commandRelativeOffsets\":[342,406],\"rowIndexes\":[8,10],\"uniqueCommandRelativeOffsetCount\":2,\"uniqueRowIndexCount\":2,\"oneToOneRowCommandReferenceCandidate\":true,\"singleRowBacksMultipleCommandsCandidate\":false,\"rowOrderMatchesCommandOrderCandidate\":true,\"rowCommandPairs\":[{\"rowIndex\":8,\"commandRelativeOffset\":342,\"matchKind\":\"command-relative-offset-field\"},{\"rowIndex\":10,\"commandRelativeOffset\":406,\"matchKind\":\"command-relative-offset-field\"}],\"roleVectorOffsetAuthorityGate\":"));
crates/rjtd-model/src/lib.rs:80323:                "fdm-index-role-vector-offset-authority-valid-vector-offset-missing",
crates/rjtd-model/src/lib.rs:80371:        assert!(info.contains("\"roleCandidate\":\"line-candidate\",\"ownershipProven\":false,\"ownershipPromotionBlockedReason\":\"role-candidate-and-paint-order-unproven\",\"referenceCount\":2,\"validVectorOffsetReferenceCount\":0,\"commandRelativeOffsetFieldReferenceCount\":0,\"sourceSegmentRelativeOffsetFieldReferenceCount\":2,\"commandRelativeOffsets\":[1992,2024],\"rowIndexes\":[40],\"uniqueCommandRelativeOffsetCount\":2,\"uniqueRowIndexCount\":1,\"oneToOneRowCommandReferenceCandidate\":false,\"singleRowBacksMultipleCommandsCandidate\":true,\"rowOrderMatchesCommandOrderCandidate\":true,\"rowCommandPairs\":[{\"rowIndex\":40,\"commandRelativeOffset\":1992,\"matchKind\":\"source-segment-relative-offset-field\"},{\"rowIndex\":40,\"commandRelativeOffset\":2024,\"matchKind\":\"source-segment-relative-offset-field\"}],\"roleVectorOffsetAuthorityGate\":{\"basis\":\"fdm-index-role-vector-offset-authority-gate\",\"source\":\"FDMIndex.vectorOffset+FDMIndex role offset fields\",\"decoded\":false,\"sourceBacked\":true,\"roleCandidate\":\"line-candidate\",\"roleVectorOffsetAuthorityDecoded\":false,\"renderPromotionContribution\":\"fdm-index-role-vector-offset-authority-gate\",\"renderPromotionBlockedReason\":\"fdm-index-role-vector-offset-authority-valid-vector-offset-missing\",\"referenceCount\":2,\"validVectorOffsetReferenceCount\":0,\"invalidVectorOffsetReferenceCount\":2,\"commandRelativeOffsetFieldReferenceCount\":0,\"sourceSegmentRelativeOffsetFieldReferenceCount\":2,\"validCommandRelativeOffsetFieldReferenceCount\":0,\"validSourceSegmentRelativeOffsetFieldReferenceCount\":0,\"invalidCommandRelativeOffsetFieldReferenceCount\":0,\"invalidSourceSegmentRelativeOffsetFieldReferenceCount\":2,\"allValidReferencesUseCommandRelativeOffsetField\":false,\"allValidReferencesUseSourceSegmentRelativeOffsetField\":false,\"mixedOffsetNamespacesAmongValidReferences\":false,\"allReferencesHaveInvalidVectorOffset\":true},\"roleFanoutSegmentOwnerGate\":{\"basis\":\"fdm-index-role-row-fanout-segment-owner-gate\",\"source\":\"FDMIndex role row references+FDMVector source segments\",\"decoded\":false,\"sourceBacked\":true,\"roleCandidate\":\"line-candidate\",\"roleOwnershipDecoded\":false,\"segmentOwnerDecoded\":false,\"renderPromotionContribution\":\"fdm-index-role-row-fanout-segment-owner-gate\",\"renderPromotionBlockedReason\":\"fdm-index-role-row-fanout-multi-command-single-row\",\"referenceCount\":2,\"uniqueCommandRelativeOffsetCount\":2,\"uniqueRowIndexCount\":1,\"commandRelativeOffsetFieldReferenceCount\":0,\"sourceSegmentRelativeOffsetFieldReferenceCount\":2,\"fanoutRowCount\":1,\"fanoutReferenceCount\":2,\"fanoutCommandRelativeOffsetFieldReferenceCount\":0,\"fanoutSourceSegmentRelativeOffsetFieldReferenceCount\":2,\"maxRowFanout\":2,\"oneToOneRowCommandReferenceCandidate\":false,\"singleRowBacksMultipleCommandsCandidate\":true,\"mixedOffsetFieldNamespaces\":false,\"fanoutRowsUseSourceSegmentOffsetFields\":true,\"rowsWithMultipleCommandRefs\":[{\"rowIndex\":40,\"commandReferenceCount\":2,\"commandRelativeOffsets\":[1992,2024],\"matchKinds\":[\"source-segment-relative-offset-field\"]}]}"));

exit_status=0

## Command
cargo test -p rjtd-export local_success_data_test_exports_embedding_frame_candidates_when_reference_pdf_is_available -- --exact

    Finished `test` profile [unoptimized + debuginfo] target(s) in 0.03s
     Running unittests src/lib.rs (target/debug/deps/rjtd_export-6547548c2d06489d)

running 0 tests

test result: ok. 0 passed; 0 failed; 0 ignored; 0 measured; 30 filtered out; finished in 0.00s


exit_status=0

## EOF completion receipt
- DoneClaim status: complete.
- Vector-offset authority result: narrowed, not proven. Q4/Q5 role references still retain zero valid vector-offset references in fixture assertions, so `fdm-index-role-vector-offset-authority-valid-vector-offset-missing` remains required.
- Product edits by task 12: none.
- Changed artifacts by task 12: this log and `/Users/kimuj5090/Documents/rjtd/.omo/evidence/current-progress-next-plan/task-12-notepad.md`.

## Manual QA matrix
- Scenario: required non-skipping fixture/static audit.
  Invocation: `cargo test -p rjtd-export fdm_bbox_center_handles_extreme_bounds_without_overflow -- --exact`.
  Observable: unqualified exact ran 0 tests; this is disclosed above and forced fully-qualified rerun.
  Artifact: this log.
- Scenario: required fully-qualified bbox test after 0-test disclosure.
  Invocation: `cargo test -p rjtd-export tests::fdm_bbox_center_handles_extreme_bounds_without_overflow -- --exact`.
  Observable: `running 1 test` and `test ... ok`, `exit_status=0`.
  Artifact: this log.
- Scenario: static vector-offset authority audit.
  Invocation: `rg -n "roleVectorOffsetAuthorityGate|fdm-index-role-vector-offset-authority-valid-vector-offset-missing|validVectorOffsetReferenceCount|allReferencesHaveInvalidVectorOffset" crates/rjtd-export/src/lib.rs crates/rjtd-model/src/lib.rs`.
  Observable: export/model gate emitters and tests include the role gate, valid/invalid vector-offset counts, `allReferencesHaveInvalidVectorOffset`, and the blocker string, `exit_status=0`.
  Artifact: this log.
- Scenario: PDF-backed local Q4/Q5 fixture branch.
  Invocation: `cargo test -p rjtd-export local_success_data_test_exports_embedding_frame_candidates_when_reference_pdf_is_available -- --exact`.
  Observable: unqualified exact ran 0 tests; this is disclosed above and forced fully-qualified rerun.
  Artifact: this log.
- Scenario: PDF-backed local Q4/Q5 fixture branch, fully qualified.
  Invocation: `cargo test -p rjtd-export tests::local_success_data_test_exports_embedding_frame_candidates_when_reference_pdf_is_available -- --exact`.
  Observable: `running 1 test` and `test ... ok`, `exit_status=0`. Existing assertions require Q4/Q5 JSON to retain `validVectorOffsetReferenceCount:0`, invalid vector-offset counts, `allReferencesHaveInvalidVectorOffset:true`, and `fdm-index-role-vector-offset-authority-valid-vector-offset-missing`.
  Artifact: this log.

## Code review / slop-overfit review
- No product files were edited for this task; existing WIP already contains the required role vector-offset diagnostics and fixture assertions.
- No tests were weakened or broadened.
- No tautological new test was added; the sample-backed test asserts emitted JSON fields/blockers from the export surface.
- No new abstraction or dependency was introduced.
- No generated output was used as source truth.
- No render promotion was made; valid vector-offset evidence remains missing for the candidate roles.
- Task 13 fanout semantics were not edited.

## Cleanup receipt
- No temp files, servers, processes, ports, or generated PDFs were created.
- Only assigned artifacts were written: this evidence log and `/Users/kimuj5090/Documents/rjtd/.omo/evidence/current-progress-next-plan/task-12-notepad.md`.
- Explicit cleanup status: complete.

## 0-test disclosure
cargo test -p rjtd-export local_success_data_test_exports_embedding_frame_candidates_when_reference_pdf_is_available -- --exact ran 0 tests; rerunning fully-qualified tests::local_success_data_test_exports_embedding_frame_candidates_when_reference_pdf_is_available form.

## Command
cargo test -p rjtd-export tests::local_success_data_test_exports_embedding_frame_candidates_when_reference_pdf_is_available -- --exact

   Compiling rjtd-model v0.0.0 (/Users/kimuj5090/Documents/rjtd/rjtd/crates/rjtd-model)
   Compiling rjtd-export v0.0.0 (/Users/kimuj5090/Documents/rjtd/rjtd/crates/rjtd-export)
    Finished `test` profile [unoptimized + debuginfo] target(s) in 3.79s
     Running unittests src/lib.rs (target/debug/deps/rjtd_export-6547548c2d06489d)

running 1 test
test tests::local_success_data_test_exports_embedding_frame_candidates_when_reference_pdf_is_available ... ok

test result: ok. 1 passed; 0 failed; 0 ignored; 0 measured; 29 filtered out; finished in 0.21s


exit_status=0

## Evidence wrapper correction
Initial zsh wrapper used readonly variable name status, so the first unqualified bbox command output was captured without an exit_status line. The same command is rerun below with corrected wrapper for explicit status.

## Command rerun for explicit status
cargo test -p rjtd-export fdm_bbox_center_handles_extreme_bounds_without_overflow -- --exact

   Compiling rjtd-model v0.0.0 (/Users/kimuj5090/Documents/rjtd/rjtd/crates/rjtd-model)
   Compiling rjtd-export v0.0.0 (/Users/kimuj5090/Documents/rjtd/rjtd/crates/rjtd-export)
    Finished `test` profile [unoptimized + debuginfo] target(s) in 2.99s
     Running unittests src/lib.rs (target/debug/deps/rjtd_export-6547548c2d06489d)

running 0 tests

test result: ok. 0 passed; 0 failed; 0 ignored; 0 measured; 30 filtered out; finished in 0.00s


exit_status=0

## EOF completion receipt
- DoneClaim status: complete.
- Vector-offset authority result: narrowed, not proven. Q4/Q5 role references still retain zero valid vector-offset references in fixture assertions, so `fdm-index-role-vector-offset-authority-valid-vector-offset-missing` remains required.
- Product edits by task 12: none.
- Changed artifacts by task 12: this log and `/Users/kimuj5090/Documents/rjtd/.omo/evidence/current-progress-next-plan/task-12-notepad.md`.
