# Task 14 Q4/Q5 paint-order evidence
Generated: 2026-07-01T01:55:49Z
Workspace: /Users/kimuj5090/Documents/rjtd

## Preconditions
Command: git status --short --branch
## dev...origin/dev
 M TODO.ja.md
 M TODO.md
 M openjtd-spec/rfc/0008-object-stream-candidates.ja.md
 M openjtd-spec/rfc/0008-object-stream-candidates.md
 M rjtd/crates/rjtd-cli/src/main.rs
 M rjtd/crates/rjtd-cli/tests/streams.rs
 M rjtd/crates/rjtd-export/src/lib.rs
 M rjtd/crates/rjtd-model/src/lib.rs
?? .omo/
?? AGENTS.md
?? rjtd/AGENTS.md
Exit: 0

## Manual QA matrix
- Scenario: Q4/Q5 focused bbox helper selector.
  Invocation: `cargo test -p rjtd-export fdm_bbox_center_handles_extreme_bounds_without_overflow -- --exact`
  Binary observable: exited 0 but ran 0 tests; disclosed and corrected with fully qualified selector.
  Corrected invocation: `cargo test -p rjtd-export tests::fdm_bbox_center_handles_extreme_bounds_without_overflow -- --exact`
  Binary observable: exited 0; `running 1 test`; `test tests::fdm_bbox_center_handles_extreme_bounds_without_overflow ... ok`.
- Scenario: full workspace gate.
  Invocation: `cargo test --workspace`
  Binary observable: first attempt exited 143 after idle rustc children; rerun of the same command exited 0.
- Scenario: static paint-order/ownership audit.
  Invocation: `rg -n "paintOrderContinuityProfile|role-span-interleaved-non-role-commands|role-paint-order-authority-unproven|primitiveOwnershipAdmissionGate" crates/rjtd-export/src/lib.rs crates/rjtd-model/src/lib.rs`
  Binary observable: exited 0 and found model/export gate writers plus assertions for interleaved and contiguous role spans.
- Scenario: local PDF-backed Q4/Q5 fixture export.
  Invocation: `cargo test -p rjtd-export local_success_data_test_exports_embedding_frame_candidates_when_reference_pdf_is_available -- --exact`
  Binary observable: exited 0 but ran 0 tests; disclosed and corrected with fully qualified selector.
  Corrected invocation: `cargo test -p rjtd-export tests::local_success_data_test_exports_embedding_frame_candidates_when_reference_pdf_is_available -- --exact`
  Binary observable: exited 0; `running 1 test`; `test tests::local_success_data_test_exports_embedding_frame_candidates_when_reference_pdf_is_available ... ok`.

## Gate conclusions
- Render promotion status: diagnostic-only. No product source was edited by task 14, and no SVG/PDF primitive output was changed.
- Contiguous roles: statically asserted as `paintOrderAuthorityPending:true` at most, with `renderPromotionBlockedReason:"role-paint-order-authority-unproven"`.
- Interleaved roles: statically asserted as `paintOrderAuthorityPending:false`, `continuityBlocked:true`, and `renderPromotionBlockedReason:"role-span-interleaved-non-role-commands"`.
- Top-level admission: remains non-rendering with `ownershipProven:false`, `paintOrderDecoded:false`, and `renderOwnershipPromoted:false` / evidence-only contribution strings in the audited source.

## Code review / slop-overfit review
- Scope check: no product code edits were made for task 14; existing model/export gates already expose paint-order continuity and authority blockers.
- Overfit check: assertions cover both interleaved Q4 spans and contiguous Q5 spans rather than a single success-path string.
- Render safety check: no renderer draw path was broadened; promotion remains blocked unless vector offset, fanout, row order, and paint-order authority all become source-backed.
- Dependency check: no dependencies, generated PDFs, staged files, commits, or destructive commands were introduced.

## Cleanup receipt
- QA resources created: evidence log and notepad only.
- Persistent processes: `pgrep -fl "cargo|rustc|target/debug/deps/rjtd"` returned no rows after verification.
- Generated render artifacts: none created by this task.
- Notepad artifact: `/Users/kimuj5090/Documents/rjtd/.omo/evidence/current-progress-next-plan/task-14-notepad.md`.

Local success_data-test JTD exists: yes
Local success_data-test PDF exists: yes

## Required focused test
Command: cd /Users/kimuj5090/Documents/rjtd/rjtd && cargo test -p rjtd-export fdm_bbox_center_handles_extreme_bounds_without_overflow -- --exact
    Finished `test` profile [unoptimized + debuginfo] target(s) in 0.08s
     Running unittests src/lib.rs (target/debug/deps/rjtd_export-6547548c2d06489d)

running 0 tests

test result: ok. 0 passed; 0 failed; 0 ignored; 0 measured; 30 filtered out; finished in 0.00s

Exit: 0

## Workspace tests
Command: cd /Users/kimuj5090/Documents/rjtd/rjtd && cargo test --workspace
   Compiling rjtd-core v0.0.0 (/Users/kimuj5090/Documents/rjtd/rjtd/crates/rjtd-core)
   Compiling rjtd-model v0.0.0 (/Users/kimuj5090/Documents/rjtd/rjtd/crates/rjtd-model)
   Compiling rjtd-export v0.0.0 (/Users/kimuj5090/Documents/rjtd/rjtd/crates/rjtd-export)
   Compiling rjtd-testkit v0.0.0 (/Users/kimuj5090/Documents/rjtd/rjtd/crates/rjtd-testkit)
   Compiling rjtd-wasm v0.0.0 (/Users/kimuj5090/Documents/rjtd/rjtd/crates/rjtd-wasm)
Exit: 143

## Static audit
Command: cd /Users/kimuj5090/Documents/rjtd/rjtd && rg -n "paintOrderContinuityProfile|role-span-interleaved-non-role-commands|role-paint-order-authority-unproven|primitiveOwnershipAdmissionGate" crates/rjtd-export/src/lib.rs crates/rjtd-model/src/lib.rs
crates/rjtd-export/src/lib.rs:2404:    output.push_str(",\"primitiveOwnershipAdmissionGate\":");
crates/rjtd-export/src/lib.rs:3132:            "role-paint-order-authority-unproven",
crates/rjtd-export/src/lib.rs:3141:    output.push_str("{\"basis\":\"fdm-primitive-ownership-admission-gate\",\"source\":\"ownershipGate+offsetFieldAuthorityGate+rowFanoutSegmentOwnerGate+roleFanoutSegmentOwnerGate+paintOrderContinuityProfile\",\"decoded\":false,\"sourceBacked\":true");
crates/rjtd-export/src/lib.rs:3394:        push_unique_static_str(&mut reasons, "role-paint-order-authority-unproven");
crates/rjtd-export/src/lib.rs:3444:            "role-span-interleaved-non-role-commands"
crates/rjtd-export/src/lib.rs:3446:            "role-paint-order-authority-unproven"
crates/rjtd-export/src/lib.rs:3607:        output.push_str(",\"decoded\":false,\"paintOrderContinuityProfile\":");
crates/rjtd-export/src/lib.rs:7831:            "\"primitiveOwnershipAdmissionGate\":{",
crates/rjtd-export/src/lib.rs:7838:            "\"primitiveOwnershipAdmissionGate\":{",
crates/rjtd-export/src/lib.rs:7852:            "\"primitiveOwnershipAdmissionGate\":{",
crates/rjtd-export/src/lib.rs:7884:        assert!(json.contains("\"paintOrderContinuityProfile\":{\"basis\":\"fdm-index-row-reference-role-command-span\",\"decoded\":false,\"sourceBacked\":true,\"paintOrderDecoded\":false,\"commandRelativeOffsetSpanMin\":308,\"commandRelativeOffsetSpanMax\":504,\"roleCommandCount\":3,\"commandCountInSpan\":7,\"interleavedNonRoleCommandCount\":4,\"hasInterleavedNonRoleCommands\":true,\"maxCommandOffsetGap\":162,\"commandOffsetContinuityScore\":0.429,\"spanContiguousCandidate\":false,\"paintOrderAuthorityPending\":false,\"continuityBlocked\":true,\"renderPromotionBlockedReason\":\"role-span-interleaved-non-role-commands\"}"));
crates/rjtd-export/src/lib.rs:7981:            "\"primitiveOwnershipAdmissionGate\":{",
crates/rjtd-export/src/lib.rs:7988:            "\"primitiveOwnershipAdmissionGate\":{",
crates/rjtd-export/src/lib.rs:8001:                "role-paint-order-authority-unproven",
crates/rjtd-export/src/lib.rs:8006:            "\"primitiveOwnershipAdmissionGate\":{",
crates/rjtd-export/src/lib.rs:8013:            "\"primitiveOwnershipAdmissionGate\":{",
crates/rjtd-export/src/lib.rs:8036:                "role-paint-order-authority-unproven",
crates/rjtd-export/src/lib.rs:8047:        assert!(json.contains("\"paintOrderContinuityProfile\":{\"basis\":\"fdm-index-row-reference-role-command-span\",\"decoded\":false,\"sourceBacked\":true,\"paintOrderDecoded\":false,\"commandRelativeOffsetSpanMin\":1992,\"commandRelativeOffsetSpanMax\":2024,\"roleCommandCount\":2,\"commandCountInSpan\":2,\"interleavedNonRoleCommandCount\":0,\"hasInterleavedNonRoleCommands\":false,\"maxCommandOffsetGap\":32,\"commandOffsetContinuityScore\":1.000,\"spanContiguousCandidate\":true,\"paintOrderAuthorityPending\":true,\"continuityBlocked\":false,\"renderPromotionBlockedReason\":\"role-paint-order-authority-unproven\"}"));
crates/rjtd-model/src/lib.rs:69033:    output.push_str(",\"primitiveOwnershipAdmissionGate\":");
crates/rjtd-model/src/lib.rs:69782:            "role-paint-order-authority-unproven",
crates/rjtd-model/src/lib.rs:69791:    output.push_str("{\"basis\":\"fdm-primitive-ownership-admission-gate\",\"source\":\"ownershipGate+offsetFieldAuthorityGate+rowFanoutSegmentOwnerGate+roleFanoutSegmentOwnerGate+paintOrderContinuityProfile\",\"decoded\":false,\"sourceBacked\":true");
crates/rjtd-model/src/lib.rs:70048:        push_unique_static_str(&mut reasons, "role-paint-order-authority-unproven");
crates/rjtd-model/src/lib.rs:70098:            "role-span-interleaved-non-role-commands"
crates/rjtd-model/src/lib.rs:70100:            "role-paint-order-authority-unproven"
crates/rjtd-model/src/lib.rs:70261:        output.push_str(",\"decoded\":false,\"paintOrderContinuityProfile\":");
crates/rjtd-model/src/lib.rs:80205:            "\"primitiveOwnershipAdmissionGate\":{",
crates/rjtd-model/src/lib.rs:80212:            "\"primitiveOwnershipAdmissionGate\":{",
crates/rjtd-model/src/lib.rs:80226:            "\"primitiveOwnershipAdmissionGate\":{",
crates/rjtd-model/src/lib.rs:80258:        assert!(info.contains("\"paintOrderContinuityProfile\":{\"basis\":\"fdm-index-row-reference-role-command-span\",\"decoded\":false,\"sourceBacked\":true,\"paintOrderDecoded\":false,\"commandRelativeOffsetSpanMin\":308,\"commandRelativeOffsetSpanMax\":504,\"roleCommandCount\":3,\"commandCountInSpan\":7,\"interleavedNonRoleCommandCount\":4,\"hasInterleavedNonRoleCommands\":true,\"maxCommandOffsetGap\":162,\"commandOffsetContinuityScore\":0.429,\"spanContiguousCandidate\":false,\"paintOrderAuthorityPending\":false,\"continuityBlocked\":true,\"renderPromotionBlockedReason\":\"role-span-interleaved-non-role-commands\"}"));
crates/rjtd-model/src/lib.rs:80355:            "\"primitiveOwnershipAdmissionGate\":{",
crates/rjtd-model/src/lib.rs:80362:            "\"primitiveOwnershipAdmissionGate\":{",
crates/rjtd-model/src/lib.rs:80375:                "role-paint-order-authority-unproven",
crates/rjtd-model/src/lib.rs:80380:            "\"primitiveOwnershipAdmissionGate\":{",
crates/rjtd-model/src/lib.rs:80387:            "\"primitiveOwnershipAdmissionGate\":{",
crates/rjtd-model/src/lib.rs:80410:                "role-paint-order-authority-unproven",
crates/rjtd-model/src/lib.rs:80421:        assert!(info.contains("\"paintOrderContinuityProfile\":{\"basis\":\"fdm-index-row-reference-role-command-span\",\"decoded\":false,\"sourceBacked\":true,\"paintOrderDecoded\":false,\"commandRelativeOffsetSpanMin\":1992,\"commandRelativeOffsetSpanMax\":2024,\"roleCommandCount\":2,\"commandCountInSpan\":2,\"interleavedNonRoleCommandCount\":0,\"hasInterleavedNonRoleCommands\":false,\"maxCommandOffsetGap\":32,\"commandOffsetContinuityScore\":1.000,\"spanContiguousCandidate\":true,\"paintOrderAuthorityPending\":true,\"continuityBlocked\":false,\"renderPromotionBlockedReason\":\"role-paint-order-authority-unproven\"}"));
crates/rjtd-model/src/lib.rs:80475:        assert!(layer_tree.contains("\"indexRowOrderPromotionGate\":{\"basis\":\"fdm-index-row-reference-command-order\",\"decoded\":false,\"ownershipProven\":false,\"paintOrderDecoded\":false,\"renderPromotionContribution\":\"fdm-index-row-order-evidence-only\",\"renderPromotionBlockedReason\":\"fdm-index-row-order-reference-not-one-to-one\",\"renderPromotionBlockedReasons\":[\"fdm-index-row-order-reference-not-one-to-one\",\"fdm-index-row-order-single-row-backs-multiple-commands\",\"fdm-index-row-order-valid-vector-offset-missing\",\"fdm-index-row-order-offset-namespace-mixed\",\"role-paint-order-continuity-unproven\",\"role-paint-order-authority-unproven\"],\"commandCount\":7,\"referencedCommandCount\":7,\"unreferencedCommandCount\":0,\"uniqueRowIndexCount\":3,\"referenceCount\":7"));
Exit: 0

## Local fixture export test
Command: cd /Users/kimuj5090/Documents/rjtd/rjtd && cargo test -p rjtd-export local_success_data_test_exports_embedding_frame_candidates_when_reference_pdf_is_available -- --exact
    Finished `test` profile [unoptimized + debuginfo] target(s) in 0.06s
     Running unittests src/lib.rs (target/debug/deps/rjtd_export-6547548c2d06489d)

running 0 tests

test result: ok. 0 passed; 0 failed; 0 ignored; 0 measured; 30 filtered out; finished in 0.00s

Exit: 0

## 0-test selector disclosures and fully qualified reruns
Disclosure: bare exact selector fdm_bbox_center_handles_extreme_bounds_without_overflow ran 0 tests; rerunning tests::fdm_bbox_center_handles_extreme_bounds_without_overflow.
Command: cd /Users/kimuj5090/Documents/rjtd/rjtd && cargo test -p rjtd-export tests::fdm_bbox_center_handles_extreme_bounds_without_overflow -- --exact
    Finished `test` profile [unoptimized + debuginfo] target(s) in 0.03s
     Running unittests src/lib.rs (target/debug/deps/rjtd_export-6547548c2d06489d)

running 1 test
test tests::fdm_bbox_center_handles_extreme_bounds_without_overflow ... ok

test result: ok. 1 passed; 0 failed; 0 ignored; 0 measured; 29 filtered out; finished in 0.00s

Exit: 0

Disclosure: bare exact selector local_success_data_test_exports_embedding_frame_candidates_when_reference_pdf_is_available ran 0 tests; rerunning tests::local_success_data_test_exports_embedding_frame_candidates_when_reference_pdf_is_available.
Command: cd /Users/kimuj5090/Documents/rjtd/rjtd && cargo test -p rjtd-export tests::local_success_data_test_exports_embedding_frame_candidates_when_reference_pdf_is_available -- --exact
    Finished `test` profile [unoptimized + debuginfo] target(s) in 0.02s
     Running unittests src/lib.rs (target/debug/deps/rjtd_export-6547548c2d06489d)

running 1 test
test tests::local_success_data_test_exports_embedding_frame_candidates_when_reference_pdf_is_available ... ok

test result: ok. 1 passed; 0 failed; 0 ignored; 0 measured; 29 filtered out; finished in 0.21s

Exit: 0

## Workspace tests rerun after hung attempt
Command: cd /Users/kimuj5090/Documents/rjtd/rjtd && cargo test --workspace
   Compiling rjtd-export v0.0.0 (/Users/kimuj5090/Documents/rjtd/rjtd/crates/rjtd-export)
   Compiling rjtd-cli v0.0.0 (/Users/kimuj5090/Documents/rjtd/rjtd/crates/rjtd-cli)
    Finished `test` profile [unoptimized + debuginfo] target(s) in 2m 25s
     Running unittests src/main.rs (target/debug/deps/rjtd-aece1b9b3b1ea719)

running 0 tests

test result: ok. 0 passed; 0 failed; 0 ignored; 0 measured; 0 filtered out; finished in 0.00s

     Running tests/streams.rs (target/debug/deps/streams-22fb793de935a00f)

running 124 tests
test cat_command_reports_invalid_compressed_jttc_payload ... ok
test dump_stream_command_accepts_escaped_control_path ... ok
test cfb_map_command_reports_special_chains ... ok
test cfb_dir_command_reports_raw_directory_entries ... ok
test cat_command_extracts_embedded_document_text ... ok
test cat_command_extracts_document_text_runs ... ok
test dump_stream_command_writes_raw_stream_to_stdout ... ok
test document_view_style_groups_command_reports_payload_diagnostics ... ok
test document_view_style_groups_command_ignores_ungrouped_records ... ok
test info_command_reports_compressed_jttc_inventory ... ok
test line_mark_intervals_command_reports_delta_records ... ok
test info_command_reports_document_text_inventory ... ok
test info_command_reports_embedded_document_text_inventory ... ok
test export_command_accepts_txt_alias ... ok
test export_command_rejects_pdf_without_output_path ... ok
test document_info_command_reports_document_view_styles_writing_mode_candidate ... ok
test line_mark_tags_command_reports_tag_contexts ... ok
test line_mark_text_context_command_compares_tag_words_to_document_text ... ok
test export_command_marks_embedded_document_text_source ... ok
test export_command_writes_markdown_from_document_model ... ok
test export_command_rejects_unknown_format ... ok
test export_command_writes_html_from_document_model ... ok
test export_command_writes_json_from_document_model ... ok
test export_command_writes_text_from_document_model ... ok
test object_fdm_index_shape_command_classifies_declared_prefix_rows ... ok
test local_pdf_backed_page_mark_u16_profiles_stay_stable_when_available ... ok
test object_fdm_frame_links_command_connects_fdm_rows_to_frame_records ... ok
test object_fdm_image_candidates_command_reports_unplaced_image_segments ... ok
test object_fdm_index_rows_command_classifies_coordinate_like_invalid_rows ... ok
test object_frame_row_links_command_connects_window_suffix_rows ... ok
test object_frame_reference_records_command_expands_candidate_rows ... ok
test object_fdm_index_command_links_index_rows_to_vector_image_hits ... ok
test object_fdm_image_candidates_command_reports_signature_only_blocker ... ok
test object_stream_candidates_command_reports_visual_object_inventory ... ok
test page_layout_style_slots_command_reports_raw_slot_parts ... ok
test object_image_frame_candidates_command_prioritizes_row12_tail_coordinates ... ok
test page_mark_shape_command_classifies_fixed84_tail_rows ... ok
test object_frame_record_families_command_groups_candidate_rows ... ok
test object_ownership_reference_fields_command_groups_stride_candidates ... ok
test page_mark_shape_command_classifies_variable_count_rows ... ok
test page_marks_command_reports_header_and_raw_entries ... ok
test page_mark_u16_profile_command_reports_class_counts_and_tuples ... ok
test page_marks_command_reports_count_variable_family_rows ... ok
test page_marks_command_reports_variable_family_rows ... ok
test page_mark_shape_command_reports_row_candidates ... ok
test page_marks_command_reports_fixed84_tail_family_rows ... ok
test paper_mark_shape_command_reports_row_candidates ... ok
test page_info_command_reports_page_metrics_and_mark_context ... ok
test paper_marks_command_reports_header_and_entries ... ok
test so_record_halves_command_reports_packed_pairs ... ok
test stream_chain_command_reports_sector_chain ... ok
test so_record_fields_command_reports_le_breakdown ... ok
test so_record_geometry_command_reports_coordinate_candidates ... ok
test so_record_clusters_command_groups_raw_records ... ok
test object_ownership_references_command_reports_reference_contexts ... ok
test stream_dword_frequencies_command_reports_big_endian_counts ... ok
test so_records_command_reports_marker_fields ... ok
test stream_dwords_command_reports_big_endian_dwords ... ok
test stream_meta_command_reports_storage_location ... ok
test stream_word_frequencies_command_reports_big_endian_counts ... ok
test stream_find_command_reports_exact_stream_matches ... ok
test stream_text_probe_reports_ascii_and_utf16_candidates ... ok
test stream_find_bytes_command_reports_hex_matches ... ok
test page_svg_command_writes_rendered_svg_page ... ok
test streams_command_lists_cfb_entries ... ok
test page_layer_tree_command_reports_facing_page_decoration_evidence ... ok
test stream_words_command_reports_big_endian_words ... ok
test style_candidates_command_reports_labeled_text_layout_records ... ok
test style_records_command_reports_style_stream_record_summaries ... ok
test table_candidate_context_command_reports_cell_like_shape ... ok
test table_candidates_command_reports_model_interval_evidence ... ok
test table_candidates_command_reports_sparse_document_text_table_evidence ... ok
test text_boundary_candidate_agreement_command_compares_byte_and_unit_candidates ... ok
test text_boundary_candidate_layout_context_command_reports_rule_selected_context ... ok
test text_boundary_candidate_context_command_reports_text_context ... ok
test text_boundary_candidates_command_reports_model_candidates ... ok
test table_cell_like_candidates_command_reports_column_segment_diagnostics ... ok
test table_cell_like_candidates_command_filters_strict_candidates ... ok
test text_layout_style_records_command_reports_payload_diagnostics ... ok
test text_control_context_command_reports_neighboring_controls ... ok
test text_layout_style_records_command_reports_missing_stream ... ok
test text_control_ranges_command_summarizes_delimited_intervals ... ok
test text_map_command_reports_token_ranges_and_position_hits ... ok
test text_control_clusters_command_groups_adjacent_controls ... ok
test text_position_context_command_compares_byte_and_unit_offsets ... ok
test text_position_count_candidates_command_reports_shifted_fields ... ok
test text_position_count_context_command_compares_tcnt_fields ... ok
test text_position_count_clusters_command_groups_duplicate_ranges ... ok
test text_boundary_paragraph_like_command_reports_diagnostic_classifier ... ok
test text_position_count_control_ranges_command_compares_tcnt_to_control_intervals ... ok
test text_position_count_family_command_classifies_be0_entries ... ok
test text_position_count_family_command_classifies_shifted_entries ... ok
test text_position_count_field_deltas_command_compares_tail_range_to_chosen_range ... ok
test text_position_count_fields_command_expands_shifted_tail_words ... ok
test text_position_count_fields_command_expands_tail_words ... ok
test text_position_count_range_boundaries_command_reports_edges_and_controls ... ok
test text_position_count_layout_context_command_compares_tcnt_offsets_to_layout_streams ... ok
test text_position_count_tail_delta_groups_command_summarizes_pattern_scores ... ok
test text_position_count_tail_context_command_compares_tail_fields ... ok
test text_boundary_paragraph_like_style_context_command_links_layout_and_style_evidence ... ok
test text_position_count_range_preview_command_reports_overlapping_text ... ok
test text_position_count_tail_delta_scan_command_scores_unit_offsets ... ok
test text_paragraph_boundary_targets_command_reports_layout_hit_provenance ... ok
test text_position_count_tail_field_roles_command_summarizes_field_and_pair_hits ... ok
test text_boundary_paragraph_like_discriminators_command_summarizes_candidate_buckets ... ok
test text_position_count_tail_row_context_command_reports_chosen_and_tail_contexts ... ok
test text_position_counts_command_reports_tcnt_entries ... ok
test text_position_delta_scan_command_scores_unit_offsets ... ok
test text_position_count_tail_row_deltas_command_reports_per_row_scores ... ok
test text_position_mark_header_command_reports_raw_header_and_entries ... ok
test text_tokens_command_preserves_skipped_inline_text ... ok
test text_position_line_context_command_compares_mark_offsets_to_line_mark ... ok
test text_positions_command_reports_mark_offsets ... ok
test text_positions_command_rejects_count_only_table ... ok
test text_position_mark_summary_command_reports_related_stream_metrics ... ok
test text_tokens_command_reports_structured_document_text ... ok
test text_position_style_context_command_reports_tail_field_style_hits ... ok
test text_position_style_summary_command_reports_field_hit_distribution ... ok
test text_boundary_layout_map_command_scores_candidate_offset_transforms ... ok
test text_boundary_layout_map_rows_command_reports_candidate_local_deltas ... ok
test export_command_writes_pdf_from_document_model ... ok
test export_command_replaces_quarantined_pdf_output_file ... ok
test local_success_data_test_fdm_index_rows_report_offset_field_references_when_available ... ok
test local_pdf_backed_page_mark_pitch_profiles_stay_stable_when_available ... ok

test result: ok. 124 passed; 0 failed; 0 ignored; 0 measured; 0 filtered out; finished in 1.29s

     Running unittests src/lib.rs (target/debug/deps/rjtd_core-55af93c0f2b1d5ee)

running 60 tests
test compressed_document::tests::detects_just_compressed_document_payload ... ok
test container::tests::rejects_non_cfb_data ... ok
test auto_text_info::tests::parses_utf16be_auto_text_candidates ... ok
test document_text::tests::continues_text_after_row_delimiter_inside_text_run ... ok
test document_text::tests::detects_just_compressed_document_payload ... ok
test document_text::tests::does_not_consume_unbounded_skipped_inline_segments ... ok
test container::tests::inspects_cfb_overview_chains ... ok
test container::tests::inspects_mini_stream_sector_chain ... ok
test container::tests::inspects_stream_storage_location ... ok
test container::tests::inspects_raw_cfb_directory_entries ... ok
test document_text::tests::extracts_display_inline_segments_without_phonetic_annotations ... ok
test document_text::tests::extracts_template_placeholder_inline_segments ... ok
test document_text::tests::maps_document_text_elements_to_byte_and_unit_ranges ... ok
test document_text::tests::parses_raw_text_segment_format_without_paragraph_markers ... ok
test document_text::tests::extracts_utf16be_runs_after_text_marker ... ok
test document_text::tests::parses_document_text_into_structured_elements ... ok
test document_text::tests::ignores_bytes_before_text_marker ... ok
test document_text_position::tests::parses_mark_position_entries ... ok
test container::tests::falls_back_to_lenient_reader_for_malformed_fat_inventory ... ok
test document_text_position::tests::parses_text_count_entries_without_mark_table ... ok
test document_text::tests::skips_template_instruction_inline_segments ... ok
test container::tests::falls_back_to_lenient_reader_for_malformed_fat_streams ... ok
test document_text::tests::treats_c1_control_codes_as_boundaries ... ok
test document_text_position::tests::rejects_stream_without_document_text_position_magic ... ok
test container::tests::lenient_reader_preserves_missing_stream_errors_after_malformed_fat ... ok
test auto_text_info::tests::reads_auto_text_info_from_cfb ... ok
test container::tests::inspects_cfb_entries_with_kind_size_and_normalized_path ... ok
test font_stream::tests::summarizes_font_stream_entries ... ok
test container::tests::reports_missing_stream ... ok
test container::tests::reads_cfb_stream_payload ... ok
test layout_mark::tests::parses_count_plus_one_trim2_page_mark_shape ... ok
test layout_mark::tests::parses_count_plus_one_variable_page_mark_shape ... ok
test format::tests::detects_unknown_non_cfb_data ... ok
test layout_mark::tests::parses_observed_page_mark_shape ... ok
test layout_mark::tests::parses_count_variable_page_mark_shape ... ok
test layout_mark::tests::parses_fixed84_tail_page_mark_shape ... ok
test layout_mark::tests::parses_observed_paper_mark_shape ... ok
test document_text_position::tests::reads_mark_position_entries_from_cfb ... ok
test format::tests::detects_document_text_cfb ... ok
test lha::tests::decompresses_single_literal_lh5_member ... ok
test layout_mark::tests::rejects_unobserved_page_mark_stride_value ... ok
test layout_mark::tests::rejects_unobserved_stride_value ... ok
test layout_mark::tests::rejects_unproven_page_mark_row_family ... ok
test layout_mark::tests::rejects_unproven_row_alignment ... ok
test style_stream::tests::summarizes_sequential_table_record_boundaries ... ok
test style_stream::tests::summarizes_nested_ssmg_style_subrecords ... ok
test style_stream::tests::summarizes_ssmg_slot_record_boundaries ... ok
test style_stream::tests::summarizes_ssmg_style_stream_header_fields ... ok
test document_text::tests::reports_compressed_document_when_document_text_is_absent ... ok
test style_stream::tests::summarizes_table_style_stream_prefix_fields ... ok
test font_stream::tests::reads_font_stream_from_cfb ... ok
test layout_mark::tests::reads_page_mark_from_cfb ... ok
test layout_mark::tests::reads_paper_mark_from_cfb ... ok
test format::tests::detects_just_compressed_document_cfb ... ok
test document_text::tests::reports_missing_document_text_without_known_compressed_payload ... ok
test document_text::tests::embedded_document_text_drops_implausible_noise_lines ... ok
test document_text::tests::reads_embedded_document_text_when_named_stream_is_absent ... ok
test format::tests::detects_embedded_document_text_cfb ... ok
test style_stream::tests::reads_observed_style_streams_from_cfb ... ok
test style_stream::tests::ignores_absent_style_streams ... ok

test result: ok. 60 passed; 0 failed; 0 ignored; 0 measured; 0 filtered out; finished in 0.01s

     Running unittests src/lib.rs (target/debug/deps/rjtd_export-86198a9bc4da818e)

running 30 tests
test tests::fdm_bbox_center_handles_extreme_bounds_without_overflow ... ok
test tests::exports_json_from_document_model ... ok
test tests::exports_text_source_span_to_json_when_available ... ok
test tests::exports_unknown_blocks_to_json_without_dropping_payload ... ok
test tests::exports_paragraph_style_reference_to_json ... ok
test tests::exports_ruby_inline_as_visible_base_with_preserved_annotation ... ok
test tests::exports_markdown_from_document_model ... ok
test tests::exports_text_control_boundaries_to_json ... ok
test tests::exports_raw_stream_summary_to_json ... ok
test tests::exports_unknown_style_stream_name_to_json ... ok
test tests::exports_object_stream_candidates_to_json ... ok
test tests::local_fax02_exports_visual_list_metadata_to_json_when_reference_pdf_is_available ... ok
test tests::local_200307_shanai_lan_exports_json_without_fdm_projection_overflow ... ok
test tests::local_tsaiten_exports_page_mark_u16_subrecord_candidates_when_reference_pdf_is_available ... ok
test tests::pdf_media_box_parser_extracts_page_sizes ... ok
test tests::preview_safety_scanner_catches_flexible_pdf_token_spacing ... ok
test tests::scrubs_embedded_cmap_eof_markers_but_keeps_file_eof ... ok
test tests::local_a5_exports_toc_page_label_candidates_when_reference_pdf_is_available ... ok
test tests::embeds_svg_chunk_with_preview_safe_page_wrapper_contract ... ok
test tests::exports_pdf_from_document_model ... ok
test tests::local_shanai_lan_exports_fdm_vector_command_diagnostics_when_reference_pdf_is_available ... ok
test tests::local_success_data_test_exports_embedding_frame_candidates_when_reference_pdf_is_available ... ok
test tests::exports_pdf_does_not_apply_layout_hints_from_filename_only ... ok
test tests::local_pdf_output_success_data_test_title_rasterizes_with_macos_sips_when_available ... ok
test tests::local_pdf_output_artifacts_have_preview_compatible_form_xobjects_when_available ... ok
test tests::local_pdf_output_artifacts_render_visible_content_with_macos_pdfkit_when_available ... ok
test tests::local_complex_pdfs_rasterize_with_macos_sips_when_available ... ok
test tests::local_complex_pdfs_render_visible_content_with_macos_coregraphics_when_available ... ok
test tests::local_complex_pdfs_render_visible_content_with_macos_pdfkit_when_available ... ok
test tests::local_samples_export_to_valid_pdf_when_available has been running for over 60 seconds
test tests::local_samples_export_to_valid_pdf_when_available ... ok

test result: ok. 30 passed; 0 failed; 0 ignored; 0 measured; 0 filtered out; finished in 68.98s

     Running unittests src/lib.rs (target/debug/deps/rjtd_model-196b2a322574f79d)

running 95 tests
test tests::builds_document_from_plain_text_lines ... ok
test tests::document_core_preserves_tabs_as_visible_svg_spacing ... ok
test tests::builds_document_from_structured_document_text_elements ... ok
test tests::document_core_exposes_absent_field_header_footer_and_note_fallbacks ... ok
test tests::document_core_exposes_view_and_navigation_fallbacks ... ok
test tests::document_core_exposes_absent_table_and_cell_fallbacks ... ok
test tests::document_core_exposes_absent_object_bookmark_and_form_fallbacks ... ok
test tests::document_core_rejects_out_of_range_app_page_queries ... ok
test tests::document_core_edits_body_paragraphs_and_rebuilds_pages ... ok
test tests::document_core_projects_a5_ginga_front_matter_from_reference_pdf ... ok
test tests::document_core_renders_raw_stream_notice_when_text_is_empty ... ok
test tests::document_core_projects_vertical_writing_mode_to_svg_and_layer_tree ... ok
test tests::document_core_renders_text_svg_pages ... ok
test tests::document_core_does_not_apply_layout_hints_from_filename_only ... ok
test tests::document_core_reports_default_formatting_for_app_panels ... ok
test tests::document_core_reports_jtd_validation_warnings ... ok
test tests::document_core_renders_column_grid_candidates_as_diagnostic_svg_overlay ... ok
test tests::document_core_decodes_page_size_from_document_view_styles ... ok
test tests::document_core_reports_rhwp_shaped_page_and_layer_info ... ok
test tests::document_core_normalizes_decoded_page_size_to_portrait_without_source_landscape_evidence ... ok
test tests::document_core_saves_restores_and_discards_snapshots ... ok
test tests::document_core_exposes_row_like_table_candidate_read_api ... ok
test tests::document_core_searches_and_replaces_body_text ... ok
test tests::document_core_supports_body_selection_and_internal_clipboard ... ok
test tests::fdm_axis_rule_source_order_gate_classifies_parent_relative_offset_spans ... ok
test tests::fdm_bbox_center_handles_extreme_bounds_without_overflow ... ok
test tests::document_core_renders_ruby_annotations_in_svg_and_layer_tree ... ok
test tests::fdm_connector_line_rule_endpoint_match_summary_blocks_single_endpoint ... ok
test tests::fdm_connector_line_rule_endpoint_matches_horizontal_tight_span ... ok
test tests::document_core_does_not_override_decoded_page_size_from_filename_only ... ok
test tests::fdm_connector_line_rule_endpoint_matches_rejects_distant_points ... ok
test tests::fdm_connector_line_rule_endpoint_matches_vertical_nearby_span ... ok
test tests::fdm_connector_parent_normalized_order_requires_parent_relative_offset_between_nearest_owner_parents ... ok
test tests::image_payload_dimensions_reads_jpeg_sof_metadata ... ok
test tests::layout_box_text_projection_decodes_plain_textv_blocks ... ok
test tests::document_core_renders_running_decorations_from_model_evidence ... ok
test tests::document_core_prefers_page_layout_style_over_document_view_styles_page_size ... ok
test tests::document_core_projects_shanai_lan_fdm_frame_diagnostics ... ok
test tests::document_core_projects_preserved_text_controls_for_navigation ... ok
test tests::document_core_reports_preserved_style_subrecords ... ok
test tests::document_core_reports_preserved_style_stream_sources ... ok
test tests::document_core_projects_complete_image_payloads_as_diagnostic_svg_overlays ... ok
test tests::document_core_reports_object_stream_candidates_as_diagnostics ... ok
test tests::document_core_reports_text_style_label_candidates ... ok
test tests::document_core_keeps_document_view_styles_writing_mode_candidate_diagnostic_only ... ok
test tests::document_core_uses_form_feed_control_as_forced_page_break ... ok
test tests::image_payload_render_gate_preserves_source_frame_trace_without_promotion ... ok
test tests::parser_builds_model_and_preserves_raw_document_text_stream ... ok
test tests::parser_decodes_bmdv_visual_list_metadata_and_projects_raster_layer ... ok
test tests::local_fax02_preserves_visual_list_when_reference_pdf_is_available ... ok
test tests::parser_links_fdm_index_rows_to_fdm_vector_segments ... ok
test tests::parser_limits_fdm_index_entries_to_declared_prefix_rows ... ok
test tests::parser_links_root_fdm_index_to_nested_fdm_vector_by_content_score ... ok
test tests::parser_maps_text_count_ranges_to_control_range_overlaps ... ok
test tests::parser_preserves_document_text_control_boundaries_with_source_spans ... ok
test tests::parser_maps_text_count_ranges_to_source_text_overlaps ... ok
test tests::local_tmogi3_2_projects_layout_box_text_when_reference_pdf_is_available ... ok
test tests::parser_preserves_auto_text_info_candidates ... ok
test tests::parser_preserves_embedding_info_frame_candidates_and_projects_diagnostics ... ok
test tests::parser_preserves_embedded_press_snapshot_metadata_as_object_evidence ... ok
test tests::parser_preserves_frame_records_for_fdm_link_diagnostics ... ok
test tests::parser_preserves_layout_box_streams_for_box_text_projection ... ok
test tests::parser_preserves_font_stream_entries_as_document_fonts ... ok
test tests::parser_preserves_line_mark_stream_for_layout_corroboration ... ok
test tests::parser_preserves_layout_validated_paragraph_boundary_candidates ... ok
test tests::parser_surfaces_control_range_evidence_as_validation_warning ... ok
test tests::preserves_skipped_inline_text_as_unknown_object ... ok
test tests::preserves_unknown_blocks ... ok
test tests::parser_preserves_multi_interval_table_candidates_as_diagnostics ... ok
test tests::promotes_ruby_base_and_annotation_to_structured_inline ... ok
test tests::shanai_lan_line_mark_intervals_use_positive_deltas_after_header ... ok
test tests::shanai_lan_line_mark_profile_distinguishes_observed_payload_families ... ok
test tests::shanai_lan_line_rules_use_only_skipped_inline_headers ... ok
test tests::shanai_lan_line_rules_add_vertical_runs_from_hidden_anchors ... ok
test tests::shanai_lan_text_fragments_use_wide_spaces_for_projection_spacing ... ok
test tests::success_data_test_cone_projection_requires_text_corroboration ... ok
test tests::success_data_test_cone_projection_uses_matching_text_corroboration ... ok
test tests::table_candidate_reports_column_segment_grid_candidate_for_consistent_rows ... ok
test tests::table_candidate_reports_column_segment_pattern_mismatches ... ok
test tests::table_grid_cross_table_subrecord_ordering_helpers_detect_regressions ... ok
test tests::table_row_column_segments_split_finance_numeric_runs ... ok
test tests::sparse_document_text_controls_preserve_empty_cells_as_table_evidence ... ok
test tests::title_art_shadow_sweep_keeps_evenodd_inner_boundaries ... ok
test tests::parser_preserves_observed_style_streams_as_unknown_styles ... ok
test tests::parser_preserves_text_count_ranges_as_observed_model_data ... ok
test tests::parser_preserves_object_stream_candidates_as_model_evidence ... ok
test tests::parser_surfaces_preserved_jtd_data_as_validation_warnings ... ok
test tests::local_tsaiten_preserves_document_text_control_table_candidates_when_reference_pdf_is_available ... ok
test tests::local_a_size_and_b_size_samples_render_facing_page_decorations_when_reference_pdfs_are_available ... ok
test tests::local_a5_sample_renders_facing_page_decorations_when_reference_pdf_is_available ... ok
test tests::local_success_data_test_preserves_embedding_frame_candidates_when_reference_pdf_is_available ... ok
test tests::local_samples_project_column_grid_candidates_to_svg_and_layer_tree_when_available ... ok
test tests::local_shanai_lan_preserves_fdm_frame_diagnostics_when_reference_pdf_is_available ... ok
test tests::local_samples_produce_validation_warning_json_when_available ... ok
test tests::local_samples_project_image_payload_diagnostics_when_available ... ok

test result: ok. 95 passed; 0 failed; 0 ignored; 0 measured; 0 filtered out; finished in 15.05s

     Running unittests src/lib.rs (target/debug/deps/rjtd_wasm-d11a850065ca64a0)

running 3 tests
test tests::hwp_document_wrapper_applies_jtd_style_candidates ... ok
test tests::hwp_document_wrapper_delegates_jtd_control_navigation_projection ... ok
test tests::hwp_document_wrapper_exposes_rhwp_shaped_surface ... ok

test result: ok. 3 passed; 0 failed; 0 ignored; 0 measured; 0 filtered out; finished in 0.01s

   Doc-tests rjtd_core

running 0 tests

test result: ok. 0 passed; 0 failed; 0 ignored; 0 measured; 0 filtered out; finished in 0.00s

   Doc-tests rjtd_model

running 0 tests

test result: ok. 0 passed; 0 failed; 0 ignored; 0 measured; 0 filtered out; finished in 0.00s

   Doc-tests rjtd_testkit

running 0 tests

test result: ok. 0 passed; 0 failed; 0 ignored; 0 measured; 0 filtered out; finished in 0.00s

   Doc-tests rjtd_wasm

running 0 tests

test result: ok. 0 passed; 0 failed; 0 ignored; 0 measured; 0 filtered out; finished in 0.00s

Exit: 0

## Final receipt
- DoneClaim status: complete.
- Changed files by task 14: `.omo/evidence/current-progress-next-plan/task-14-q4-q5-paint-order.log`, `.omo/evidence/current-progress-next-plan/task-14-notepad.md`.
- Product source edits by task 14: none. `rjtd/crates/rjtd-export/src/lib.rs` and `rjtd/crates/rjtd-model/src/lib.rs` were already modified in the shared worktree and were used as verification surfaces only.
- Commands with final passing exits: `cargo test -p rjtd-export tests::fdm_bbox_center_handles_extreme_bounds_without_overflow -- --exact` exited 0; `cargo test -p rjtd-export tests::local_success_data_test_exports_embedding_frame_candidates_when_reference_pdf_is_available -- --exact` exited 0; `cargo test --workspace` rerun exited 0; static `rg` audit exited 0.
- 0-test disclosure: the two bare exact selectors requested in the task ran 0 tests and are recorded above; both were rerun with `tests::` fully qualified selectors and passed.
- Manual QA: local success_data-test `.jtd` and `.pdf` were present, the PDF-backed export test ran, and static assertions preserve interleaved roles as `role-span-interleaved-non-role-commands`, contiguous roles as at most `paintOrderAuthorityPending`, and top-level primitive ownership as non-rendering.
- Render promotion status: diagnostic-only; no SVG/PDF primitive output changed.
- Cleanup: no persistent cargo/rustc/test process remained after verification; no generated render artifact was created by task 14.
- Risks: pre-existing product WIP remains in the shared worktree; this task did not mark the plan or ledger because the leader owns those files.
