TASK 5 object-stream/image-payload diagnostic preservation
Started: 2026-07-01T01:13:34Z
Workspace: /Users/kimuj5090/Documents/rjtd

## Acceptance command
cd /Users/kimuj5090/Documents/rjtd/rjtd && cargo test -p rjtd-cli --test streams object_stream_candidates_command_reports_visual_object_inventory -- --exact && cargo test -p rjtd-cli --test streams object_fdm_image_candidates_command_reports_signature_only_blocker -- --exact && cargo test -p rjtd-cli --test streams object_fdm_frame_links_command_connects_fdm_rows_to_frame_records -- --exact && cargo test -p rjtd-model image_payload_render_gate_preserves_source_frame_trace_without_promotion -- --exact && cargo test -p rjtd-export exports_object_stream_candidates_to_json -- --exact

    Finished `test` profile [unoptimized + debuginfo] target(s) in 0.03s
     Running unittests src/lib.rs (target/debug/deps/rjtd_export-6547548c2d06489d)

running 0 tests

test result: ok. 0 passed; 0 failed; 0 ignored; 0 measured; 30 filtered out; finished in 0.00s


Acceptance exit: 0

## Acceptance command rerun with grouped capture
Command: cd /Users/kimuj5090/Documents/rjtd/rjtd && cargo test -p rjtd-cli --test streams object_stream_candidates_command_reports_visual_object_inventory -- --exact && cargo test -p rjtd-cli --test streams object_fdm_image_candidates_command_reports_signature_only_blocker -- --exact && cargo test -p rjtd-cli --test streams object_fdm_frame_links_command_connects_fdm_rows_to_frame_records -- --exact && cargo test -p rjtd-model image_payload_render_gate_preserves_source_frame_trace_without_promotion -- --exact && cargo test -p rjtd-export exports_object_stream_candidates_to_json -- --exact
    Blocking waiting for file lock on artifact directory
    Finished `test` profile [unoptimized + debuginfo] target(s) in 2.15s
     Running tests/streams.rs (target/debug/deps/streams-1290050dae9fa15e)

running 1 test
test object_stream_candidates_command_reports_visual_object_inventory ... ok

test result: ok. 1 passed; 0 failed; 0 ignored; 0 measured; 123 filtered out; finished in 0.63s

    Finished `test` profile [unoptimized + debuginfo] target(s) in 0.03s
     Running tests/streams.rs (target/debug/deps/streams-1290050dae9fa15e)

running 1 test
test object_fdm_image_candidates_command_reports_signature_only_blocker ... ok

test result: ok. 1 passed; 0 failed; 0 ignored; 0 measured; 123 filtered out; finished in 0.67s

    Finished `test` profile [unoptimized + debuginfo] target(s) in 0.04s
     Running tests/streams.rs (target/debug/deps/streams-1290050dae9fa15e)

running 1 test
test object_fdm_frame_links_command_connects_fdm_rows_to_frame_records ... ok

test result: ok. 1 passed; 0 failed; 0 ignored; 0 measured; 123 filtered out; finished in 0.75s

    Finished `test` profile [unoptimized + debuginfo] target(s) in 0.01s
     Running unittests src/lib.rs (target/debug/deps/rjtd_model-7980f8c425d08a33)

running 0 tests

test result: ok. 0 passed; 0 failed; 0 ignored; 0 measured; 95 filtered out; finished in 0.00s

    Finished `test` profile [unoptimized + debuginfo] target(s) in 0.02s
     Running unittests src/lib.rs (target/debug/deps/rjtd_export-6547548c2d06489d)

running 0 tests

test result: ok. 0 passed; 0 failed; 0 ignored; 0 measured; 30 filtered out; finished in 0.00s


## Acceptance command rerun after capture-script fix
Command: cd /Users/kimuj5090/Documents/rjtd/rjtd && cargo test -p rjtd-cli --test streams object_stream_candidates_command_reports_visual_object_inventory -- --exact && cargo test -p rjtd-cli --test streams object_fdm_image_candidates_command_reports_signature_only_blocker -- --exact && cargo test -p rjtd-cli --test streams object_fdm_frame_links_command_connects_fdm_rows_to_frame_records -- --exact && cargo test -p rjtd-model image_payload_render_gate_preserves_source_frame_trace_without_promotion -- --exact && cargo test -p rjtd-export exports_object_stream_candidates_to_json -- --exact
    Finished `test` profile [unoptimized + debuginfo] target(s) in 0.03s
     Running tests/streams.rs (target/debug/deps/streams-1290050dae9fa15e)

running 1 test
test object_stream_candidates_command_reports_visual_object_inventory ... ok

test result: ok. 1 passed; 0 failed; 0 ignored; 0 measured; 123 filtered out; finished in 0.66s

    Finished `test` profile [unoptimized + debuginfo] target(s) in 0.03s
     Running tests/streams.rs (target/debug/deps/streams-1290050dae9fa15e)

running 1 test
test object_fdm_image_candidates_command_reports_signature_only_blocker ... ok

test result: ok. 1 passed; 0 failed; 0 ignored; 0 measured; 123 filtered out; finished in 0.66s

    Finished `test` profile [unoptimized + debuginfo] target(s) in 0.03s
     Running tests/streams.rs (target/debug/deps/streams-1290050dae9fa15e)

running 1 test
test object_fdm_frame_links_command_connects_fdm_rows_to_frame_records ... ok

test result: ok. 1 passed; 0 failed; 0 ignored; 0 measured; 123 filtered out; finished in 0.70s

    Finished `test` profile [unoptimized + debuginfo] target(s) in 0.01s
     Running unittests src/lib.rs (target/debug/deps/rjtd_model-7980f8c425d08a33)

running 0 tests

test result: ok. 0 passed; 0 failed; 0 ignored; 0 measured; 95 filtered out; finished in 0.00s

    Finished `test` profile [unoptimized + debuginfo] target(s) in 0.03s
     Running unittests src/lib.rs (target/debug/deps/rjtd_export-6547548c2d06489d)

running 0 tests

test result: ok. 0 passed; 0 failed; 0 ignored; 0 measured; 30 filtered out; finished in 0.00s


Acceptance grouped exit: 

## Acceptance command rerun with bash status capture
Command: cd /Users/kimuj5090/Documents/rjtd/rjtd && cargo test -p rjtd-cli --test streams object_stream_candidates_command_reports_visual_object_inventory -- --exact && cargo test -p rjtd-cli --test streams object_fdm_image_candidates_command_reports_signature_only_blocker -- --exact && cargo test -p rjtd-cli --test streams object_fdm_frame_links_command_connects_fdm_rows_to_frame_records -- --exact && cargo test -p rjtd-model image_payload_render_gate_preserves_source_frame_trace_without_promotion -- --exact && cargo test -p rjtd-export exports_object_stream_candidates_to_json -- --exact
    Finished `test` profile [unoptimized + debuginfo] target(s) in 0.03s
     Running tests/streams.rs (target/debug/deps/streams-1290050dae9fa15e)

running 1 test
test object_stream_candidates_command_reports_visual_object_inventory ... ok

test result: ok. 1 passed; 0 failed; 0 ignored; 0 measured; 123 filtered out; finished in 0.66s

    Finished `test` profile [unoptimized + debuginfo] target(s) in 0.03s
     Running tests/streams.rs (target/debug/deps/streams-1290050dae9fa15e)

running 1 test
test object_fdm_image_candidates_command_reports_signature_only_blocker ... ok

test result: ok. 1 passed; 0 failed; 0 ignored; 0 measured; 123 filtered out; finished in 0.69s

    Finished `test` profile [unoptimized + debuginfo] target(s) in 0.04s
     Running tests/streams.rs (target/debug/deps/streams-1290050dae9fa15e)

running 1 test
test object_fdm_frame_links_command_connects_fdm_rows_to_frame_records ... ok

test result: ok. 1 passed; 0 failed; 0 ignored; 0 measured; 123 filtered out; finished in 0.70s

    Finished `test` profile [unoptimized + debuginfo] target(s) in 0.01s
     Running unittests src/lib.rs (target/debug/deps/rjtd_model-7980f8c425d08a33)

running 0 tests

test result: ok. 0 passed; 0 failed; 0 ignored; 0 measured; 95 filtered out; finished in 0.00s

    Finished `test` profile [unoptimized + debuginfo] target(s) in 0.03s
     Running unittests src/lib.rs (target/debug/deps/rjtd_export-6547548c2d06489d)

running 0 tests

test result: ok. 0 passed; 0 failed; 0 ignored; 0 measured; 30 filtered out; finished in 0.00s


Acceptance grouped exit: 0

## Supplementary fully-qualified tests for exact libtest names
Command: cd /Users/kimuj5090/Documents/rjtd/rjtd && cargo test -p rjtd-model tests::image_payload_render_gate_preserves_source_frame_trace_without_promotion -- --exact && cargo test -p rjtd-export tests::exports_object_stream_candidates_to_json -- --exact
    Finished `test` profile [unoptimized + debuginfo] target(s) in 0.01s
     Running unittests src/lib.rs (target/debug/deps/rjtd_model-7980f8c425d08a33)

running 1 test
test tests::image_payload_render_gate_preserves_source_frame_trace_without_promotion ... ok

test result: ok. 1 passed; 0 failed; 0 ignored; 0 measured; 94 filtered out; finished in 0.01s

    Finished `test` profile [unoptimized + debuginfo] target(s) in 0.02s
     Running unittests src/lib.rs (target/debug/deps/rjtd_export-6547548c2d06489d)

running 1 test
test tests::exports_object_stream_candidates_to_json ... ok

test result: ok. 1 passed; 0 failed; 0 ignored; 0 measured; 29 filtered out; finished in 0.00s


Supplementary exact libtest exit: 0

## QA string and renderability audit
Command: rg required blocker/renderability strings in scoped source/tests
/Users/kimuj5090/Documents/rjtd/rjtd/crates/rjtd-cli/tests/streams.rs:2433:        "jsfart-stream-profile=1",
/Users/kimuj5090/Documents/rjtd/rjtd/crates/rjtd-cli/tests/streams.rs:2706:        "image-signatures=png@36\tsegment-image-signatures=png@4\trenderable=false\treason=page-placement-unproven\tdecoded=false"
/Users/kimuj5090/Documents/rjtd/rjtd/crates/rjtd-cli/tests/streams.rs:2734:        "image-hits=1\tcomplete-payloads=0\timage-signatures=png@36\tsegment-image-signatures=png@4\trenderable=false\treason=image-signature-without-complete-payload-role-unproven\tdecoded=false"
/Users/kimuj5090/Documents/rjtd/rjtd/crates/rjtd-cli/tests/streams.rs:2760:            "object-fdm-frame-link\tsource=/FigureData/main_data/FDMVector\tindex=/FigureData/main_data/FDMIndex\trow=1\timage-hits=1\tcomplete-payloads=1\tframe-linked=true\tframe-source=/Frame\tframe-row=1\tframe-start=76\tframe-object-id=1\tframe-kind=0x0102\tframe-type=0x0007\tframe-geometry=100,200,300,400\tframe-size=300x400\tpayload-dimensions=png@36:1x1\tdimensioned-payloads=1\tbest-aspect-delta-permille=250\tlink-basis=fdm-row-index-to-frame-object-id\trenderable=false\treason=fdm-frame-linked-image-payload-placement-and-paint-order-unproven\tdecoded=false"
/Users/kimuj5090/Documents/rjtd/rjtd/crates/rjtd-model/src/lib.rs:23523:            "image-signature-without-complete-payload-role-unproven"
/Users/kimuj5090/Documents/rjtd/rjtd/crates/rjtd-model/src/lib.rs:23527:            "fdm-frame-linked-image-payload-placement-and-paint-order-unproven"
/Users/kimuj5090/Documents/rjtd/rjtd/crates/rjtd-model/src/lib.rs:50156:        return "image-signature-without-complete-payload-role-unproven";
/Users/kimuj5090/Documents/rjtd/rjtd/crates/rjtd-model/src/lib.rs:82678:            "\"renderPromotionBlockedReason\":\"fdm-frame-linked-image-payload-placement-and-paint-order-unproven\""
/Users/kimuj5090/Documents/rjtd/rjtd/crates/rjtd-model/src/lib.rs:82697:            svg.contains("data-render-promotion-blocked-reason=\"fdm-frame-linked-image-payload-placement-and-paint-order-unproven\"")
/Users/kimuj5090/Documents/rjtd/rjtd/crates/rjtd-model/src/lib.rs:82756:            "\"renderPromotionBlockedReason\":\"image-signature-without-complete-payload-role-unproven\""
/Users/kimuj5090/Documents/rjtd/rjtd/crates/rjtd-model/src/lib.rs:83082:            "\"renderPromotionBlockedReason\":\"image-signature-without-complete-payload-role-unproven\""
Required string audit exit: 0

Command: rg renderable true promotion candidates in object/image diagnostic paths
renderable true audit: no matches in scoped object/image diagnostic paths

## DoneClaim summary
task: 5. Lock object-stream and image-payload diagnostic preservation across model, export, and CLI
status: complete
changed_files: .omo/evidence/current-progress-next-plan/task-5-object-image.log only; no product files edited by this task
acceptance_exit: 0
supplementary_exact_libtest_exit: 0
qa_required_string_audit_exit: 0
qa_renderable_true_audit: no matches in scoped object/image diagnostic paths
cleanup: removed /tmp/task5-renderable-true.txt; no processes or generated fixtures left running
risk: requested exact model/export filters run zero tests unless fully-qualified as tests::<name>; supplementary fully-qualified invocations passed
Completed: 2026-07-01T01:15:48Z

## Evidence-package supplement for checkbox 5
Supplemented: 2026-07-01T01:29:00Z
Scope: evidence packaging only.
Allowed write scope observed:
- /Users/kimuj5090/Documents/rjtd/.omo/evidence/current-progress-next-plan/task-5-object-image.log
- /Users/kimuj5090/Documents/rjtd/.omo/evidence/current-progress-next-plan/task-5-notepad.md
No product, plan, ledger, docs, source, fixture, or generated-output files were edited by this supplement.

## Manual QA matrix
| Scenario | Invocation / artifact | Required observable strings | renderability gate | Result |
| --- | --- | --- | --- | --- |
| Happy: object stream inventory remains diagnostic-only across CLI/model/export evidence | Existing artifact: /Users/kimuj5090/Documents/rjtd/.omo/evidence/current-progress-next-plan/task-5-object-image.log, sections "Acceptance command rerun with bash status capture", "Supplementary fully-qualified tests for exact libtest names", and "QA string and renderability audit" | `object_stream_candidates_command_reports_visual_object_inventory`, `object_fdm_image_candidates_command_reports_signature_only_blocker`, `object_fdm_frame_links_command_connects_fdm_rows_to_frame_records`, `tests::image_payload_render_gate_preserves_source_frame_trace_without_promotion`, `tests::exports_object_stream_candidates_to_json`, `decoded=false`, `renderPromotionBlockedReason` | Required diagnostic rows preserve `renderable=false` with blocker reasons and do not promote images to rendered page content. | PASS: existing captured commands show exit 0 for CLI exact tests and fully-qualified model/export tests; string audit captured the diagnostic-only blocker strings. |
| Failure guard: render promotion is blocked when page placement, paint order, or complete payload role is unproven | Existing artifact: /Users/kimuj5090/Documents/rjtd/.omo/evidence/current-progress-next-plan/task-5-object-image.log, section "QA string and renderability audit" | `image-signature-without-complete-payload-role-unproven`, `fdm-frame-linked-image-payload-placement-and-paint-order-unproven`, `page-placement-unproven`, `renderable=false`, `decoded=false` | `renderable=false` is the binary observable for the known unproven object/image paths. | PASS: required blocker strings are present in scoped tests/source audit and previous acceptance tests passed. |
| Failure guard: scoped `renderable:true` / `renderable=true` absence for object/image diagnostic promotion paths | Existing artifact: /Users/kimuj5090/Documents/rjtd/.omo/evidence/current-progress-next-plan/task-5-object-image.log, section "QA string and renderability audit" | `renderable true audit: no matches in scoped object/image diagnostic paths` | Absence of scoped renderable:true/renderable=true promotion is required unless later page/paint proof exists. | PASS: the audit reports no scoped promotion matches. |
| 0-test risk mitigation: unqualified model/export filters can silently run zero tests | Existing artifact: /Users/kimuj5090/Documents/rjtd/.omo/evidence/current-progress-next-plan/task-5-object-image.log, section "Supplementary fully-qualified tests for exact libtest names" | `running 1 test`, `tests::image_payload_render_gate_preserves_source_frame_trace_without_promotion ... ok`, `tests::exports_object_stream_candidates_to_json ... ok`, `Supplementary exact libtest exit: 0` | Test evidence is accepted only from fully-qualified test invocations for model/export crate unit tests. | PASS: fully-qualified mitigations ran exactly one test each and passed. |

Fully-qualified 0-test mitigation commands:
- `cd /Users/kimuj5090/Documents/rjtd/rjtd && cargo test -p rjtd-model tests::image_payload_render_gate_preserves_source_frame_trace_without_promotion -- --exact`
- `cd /Users/kimuj5090/Documents/rjtd/rjtd && cargo test -p rjtd-export tests::exports_object_stream_candidates_to_json -- --exact`

## Code review / slop-overfit review
- Product edit scope: PASS. This supplement edits only evidence artifacts under `/Users/kimuj5090/Documents/rjtd/.omo/evidence/current-progress-next-plan/`; it does not edit Rust source, tests, plans, ledger, docs, fixtures, generated PDFs, or viewer output.
- Weakened tests: PASS. No tests were edited, skipped, deleted, re-filtered, or relaxed by this supplement.
- Implementation-mirroring or tautological tests: PASS. No tests were added. The evidence relies on existing behavior-facing CLI/model/export test names and explicit diagnostic string audits rather than new assertions mirroring implementation internals.
- Render promotion without page/paint proof: PASS. The reviewed evidence keeps object/image payloads diagnostic-only and requires `renderable=false` until page placement and paint order are proven.
- Raw/generated output promoted to source truth: PASS. Existing generated outputs are not treated as authority; they remain evidence artifacts only. Source truth remains the model/export/CLI contracts and scoped diagnostic tests.
- Abstractions/dependencies: PASS. No dependencies, abstractions, helper scripts, or product-layer code were introduced.
- Overfit risk: MITIGATED. The supplement explicitly calls out the prior zero-test hazard and points to fully-qualified exact libtest invocations that ran one test each.

## Notepad
Task memory artifact: /Users/kimuj5090/Documents/rjtd/.omo/evidence/current-progress-next-plan/task-5-notepad.md
Purpose: compact, task-specific memory for the task-5 evidence supplement and future verification handoff.

## Cleanup receipt
- No long-running commands, dev servers, browser sessions, tmux sessions, containers, ports, or background processes were started by this supplement.
- No temporary files outside the allowed write scope were created by this supplement.
- Supporting artifact intentionally retained: /Users/kimuj5090/Documents/rjtd/.omo/evidence/current-progress-next-plan/task-5-notepad.md.
- Evidence file intentionally retained: /Users/kimuj5090/Documents/rjtd/.omo/evidence/current-progress-next-plan/task-5-object-image.log.
- Cleanup status: complete; no teardown required.

## Evidence supplement self-check receipt
Checked: 2026-07-01T01:30:00Z
Scenario: lightweight evidence-package validation only; no cargo suites, product binaries, dev servers, or long-running QA were invoked.
Captured artifact path: /Users/kimuj5090/Documents/rjtd/.omo/evidence/current-progress-next-plan/task-5-object-image.log

Commands and binary observables:
- `test -s .omo/evidence/current-progress-next-plan/task-5-object-image.log && test -s .omo/evidence/current-progress-next-plan/task-5-notepad.md && printf 'non_empty=pass\n'`
  - Observable: `non_empty=pass`
  - Result: PASS
- `rg -n "Manual QA matrix|renderable=false|renderable true audit: no matches|0-test risk|fully-qualified|Code review / slop-overfit review|Notepad|Cleanup receipt|Cleanup status: complete|No product, plan, ledger, docs, source" .omo/evidence/current-progress-next-plan/task-5-object-image.log`
  - Observable: matched Manual QA matrix, `renderable=false`, scoped renderable:true absence line, 0-test risk, fully-qualified tests, review, Notepad, Cleanup receipt, and no-product-edit statement.
  - Result: PASS
- `rg -n "Task 5 Notepad|evidence-only|Product files|renderable=false|renderable:true|fully-qualified" .omo/evidence/current-progress-next-plan/task-5-notepad.md`
  - Observable: matched task notepad heading, evidence-only warning, product-file no-edit note, renderability blockers, and fully-qualified mitigation note.
  - Result: PASS
- `git status --short -- .omo/evidence/current-progress-next-plan/task-5-object-image.log .omo/evidence/current-progress-next-plan/task-5-notepad.md`
  - Observable: only the two allowed task-5 evidence artifacts were reported in this supplement's scoped status.
  - Result: PASS

Self-check cleanup:
- No temporary files were created.
- No running resources were started.
- Cleanup status: complete; no teardown required.
