# Task 9 Evidence: tsaiten source-only geometry blocker regression coverage

Status: complete
Date: 2026-07-01
Worker scope: checkbox 9 only. Did not edit plan or ledger.

## Changed Files

- `rjtd/crates/rjtd-model/src/lib.rs`
  - Tightened the non-skipping helper test `tests::table_grid_cross_table_subrecord_ordering_helpers_detect_regressions`.
  - Added direct assertions for:
    - `source-gap-to-page-line-gap-transform-unstable-across-table-family`
    - `line-domain-projection-disagrees-with-page-mark-absolute-y-slot`
  - Existing sample-backed `tsaiten` regression assertions continue to cover:
    - `source-derived-layout-candidate-absent`
    - `source-page-y-render-admission-not-ready`
    - `source-y-origin-selector-fragmented-by-table`
    - `line-domain-projection-disagrees-with-page-mark-absolute-y-slot`
    - `source-gap-to-page-line-gap-transform-unstable-across-table-family`

No renderer output logic was changed.

## Local Sample Branch

Invocation:

```bash
cd /Users/kimuj5090/Documents/rjtd
test -f rjtd-testdata/local-samples/ichitaro-20030120132956-0007-sp-dat-tsaiten.jtd
test -f rjtd-testdata/local-samples/ichitaro-20030120132956-0007-sp-dat-tsaiten.pdf
```

Exit statuses:

- JTD exists: 0
- PDF exists: 0

Observable:

```text
-rw-r--r--@ ... rjtd-testdata/local-samples/ichitaro-20030120132956-0007-sp-dat-tsaiten.jtd
-rw-r--r--@ ... rjtd-testdata/local-samples/ichitaro-20030120132956-0007-sp-dat-tsaiten.pdf
```

Result: sample-dependent tsaiten behavioral branch was required and was run.

## Commands and Exit Statuses

Scenario: Rust formatting check for changed Rust file.

```bash
cd /Users/kimuj5090/Documents/rjtd/rjtd && cargo fmt --all --check
```

Exit status: 0
Binary observable: no formatter output and command exited 0.

Scenario: acceptance helper test, unqualified exact selector.

```bash
cd /Users/kimuj5090/Documents/rjtd/rjtd && cargo test -p rjtd-model table_grid_cross_table_subrecord_ordering_helpers_detect_regressions -- --exact
```

Exit status: 0
Binary observable:

```text
running 0 tests
test result: ok. 0 passed; 0 failed; 0 ignored; 0 measured; 95 filtered out
```

0-test disclosure: the unqualified exact selector ran 0 tests, so it was not treated as sufficient.

Scenario: acceptance helper test, fully qualified exact selector.

```bash
cd /Users/kimuj5090/Documents/rjtd/rjtd && cargo test -p rjtd-model tests::table_grid_cross_table_subrecord_ordering_helpers_detect_regressions -- --exact
```

Exit status: 0
Binary observable:

```text
running 1 test
test tests::table_grid_cross_table_subrecord_ordering_helpers_detect_regressions ... ok
test result: ok. 1 passed; 0 failed; 0 ignored; 0 measured; 94 filtered out
```

Scenario: sample-backed tsaiten behavior test, unqualified exact selector.

```bash
cd /Users/kimuj5090/Documents/rjtd/rjtd && cargo test -p rjtd-model local_tsaiten_preserves_document_text_control_table_candidates_when_reference_pdf_is_available -- --exact
```

Exit status: 0
Binary observable:

```text
running 0 tests
test result: ok. 0 passed; 0 failed; 0 ignored; 0 measured; 95 filtered out
```

0-test disclosure: the unqualified exact selector ran 0 tests, so it was not treated as sufficient.

Scenario: sample-backed tsaiten behavior test, fully qualified exact selector.

```bash
cd /Users/kimuj5090/Documents/rjtd/rjtd && cargo test -p rjtd-model tests::local_tsaiten_preserves_document_text_control_table_candidates_when_reference_pdf_is_available -- --exact
```

Exit status: 0
Binary observable:

```text
running 1 test
test tests::local_tsaiten_preserves_document_text_control_table_candidates_when_reference_pdf_is_available ... ok
test result: ok. 1 passed; 0 failed; 0 ignored; 0 measured; 94 filtered out
```

Scenario: static assertion audit for required gate and blocker strings.

```bash
cd /Users/kimuj5090/Documents/rjtd/rjtd && rg -n "sourceOnlyAxisAdmissionGate|sourceOnlyPageYRenderAdmissionGate|source-gap-to-page-line-gap-transform-unstable-across-table-family|line-domain-projection-disagrees-with-page-mark-absolute-y-slot" crates/rjtd-model/src/lib.rs
```

Exit status: 0
Binary observable: matches included current source logic, tightened helper assertions, and sample-backed regression assertions. Representative matches:

```text
37501:    output.push_str(",\"sourceOnlyAxisAdmissionGate\":");
39613:    output.push_str(",\"sourceOnlyPageYRenderAdmissionGate\":");
84979:            Some("source-gap-to-page-line-gap-transform-unstable-across-table-family")
85009:            "line-domain-projection-disagrees-with-page-mark-absolute-y-slot"
85178:            "\"blockedReasons\":[\"source-derived-layout-candidate-absent\",...\"source-y-origin-selector-fragmented-by-table\",\"source-gap-to-page-line-gap-transform-unstable-across-table-family\",...
85349:            "\"blockedReasons\":[\"source-derived-layout-candidate-absent\",...\"line-domain-projection-disagrees-with-page-mark-absolute-y-slot\",\"source-y-origin-selector-fragmented-by-table-not-render-admissible\",\"source-gap-to-page-line-gap-transform-unstable-across-table-family\",...\"renderPromotionBlockedReason\":\"source-page-y-render-admission-not-ready\""
```

Scenario: post-write Rust file size measurement requested by programming rules.

```bash
cd /Users/kimuj5090/Documents/rjtd/rjtd && awk '!/^[[:space:]]*$/ && !/^[[:space:]]*(\/\/|#|--)/' crates/rjtd-model/src/lib.rs | wc -l
```

Exit status: 0
Binary observable:

```text
83536
```

Interpretation: `rjtd-model/src/lib.rs` is a pre-existing central file explicitly called out by `rjtd/AGENTS.md`; this task did not broaden scope into file splitting.

## Manual QA Matrix

| Scenario | Invocation | Binary observable | Artifact |
| --- | --- | --- | --- |
| Non-skipping helper coverage | `cargo test -p rjtd-model tests::table_grid_cross_table_subrecord_ordering_helpers_detect_regressions -- --exact` | 1 test passed; helper now asserts unstable source-gap transform and absolute-y slot disagreement blockers through diagnostic helper functions | This file |
| Static assertion audit | `rg -n "sourceOnlyAxisAdmissionGate|sourceOnlyPageYRenderAdmissionGate|source-gap-to-page-line-gap-transform-unstable-across-table-family|line-domain-projection-disagrees-with-page-mark-absolute-y-slot" crates/rjtd-model/src/lib.rs` | Required fields/blockers found in source logic and regression assertions | This file |
| Sample-backed tsaiten branch | `cargo test -p rjtd-model tests::local_tsaiten_preserves_document_text_control_table_candidates_when_reference_pdf_is_available -- --exact` | 1 test passed with local JTD/PDF present; existing assertions require reference fallback and source-only blockers | This file |

## Code Review / Slop-Overfit Review

- No weakened tests: no assertion was removed or broadened.
- No tautological implementation mirroring: new helper assertions exercise diagnostic helper behavior (`table_family_transform_blocked_reason` and `table_grid_source_only_page_mark_absolute_y_slot_blocked_reason`) rather than checking source text. The `rg` run is recorded separately as the required static audit.
- No unnecessary abstractions or dependencies: no new types, crates, or helpers added.
- No generated output used as source truth: assertions remain against model diagnostics and local source/sample behavior, not regenerated PDFs or generated artifacts.
- No unproven render promotion: no renderer output logic, visible rendering, or admission readiness logic changed.
- Shared worktree note: `rjtd/crates/rjtd-model/src/lib.rs` already contained broad WIP before this task. This task only added assertions inside the existing helper test.

## Cleanup Receipt

- No servers, browser sessions, tmux sessions, ports, containers, or temp directories were created.
- No generated PDFs or sample outputs were regenerated.
- No files were staged or committed.
- Cargo build cache under `rjtd/target/` may have been updated by `cargo test`; no cleanup required for repository source state.

## Notepad

Notepad artifact: `/Users/kimuj5090/Documents/rjtd/.omo/evidence/current-progress-next-plan/task-9-notepad.md`

## Risks

- Whole-workspace tests/clippy were not run for this checkbox; scoped acceptance and sample-backed tests passed.
- The file has substantial pre-existing WIP in the shared worktree; this worker did not audit unrelated changes.
